Component: ARM Compiler 5.06 update 4 (build 422) Tool: armlink [4d35d2]

==============================================================================

Section Cross References

    startup_stm32f427xx.o(RESET) refers to startup_stm32f427xx.o(STACK) for __initial_sp
    startup_stm32f427xx.o(RESET) refers to startup_stm32f427xx.o(.text) for Reset_Handler
    startup_stm32f427xx.o(RESET) refers to stm32f4xx_it.o(i.NMI_Handler) for NMI_Handler
    startup_stm32f427xx.o(RESET) refers to stm32f4xx_it.o(i.HardFault_Handler) for HardFault_Handler
    startup_stm32f427xx.o(RESET) refers to stm32f4xx_it.o(i.MemManage_Handler) for MemManage_Handler
    startup_stm32f427xx.o(RESET) refers to stm32f4xx_it.o(i.BusFault_Handler) for BusFault_Handler
    startup_stm32f427xx.o(RESET) refers to stm32f4xx_it.o(i.UsageFault_Handler) for UsageFault_Handler
    startup_stm32f427xx.o(RESET) refers to stm32f4xx_it.o(i.SVC_Handler) for SVC_Handler
    startup_stm32f427xx.o(RESET) refers to stm32f4xx_it.o(i.DebugMon_Handler) for DebugMon_Handler
    startup_stm32f427xx.o(RESET) refers to stm32f4xx_it.o(i.PendSV_Handler) for PendSV_Handler
    startup_stm32f427xx.o(RESET) refers to stm32f4xx_it.o(i.SysTick_Handler) for SysTick_Handler
    startup_stm32f427xx.o(RESET) refers to stm32f4xx_it.o(i.CAN1_TX_IRQHandler) for CAN1_TX_IRQHandler
    startup_stm32f427xx.o(RESET) refers to stm32f4xx_it.o(i.CAN1_RX0_IRQHandler) for CAN1_RX0_IRQHandler
    startup_stm32f427xx.o(RESET) refers to stm32f4xx_it.o(i.USART1_IRQHandler) for USART1_IRQHandler
    startup_stm32f427xx.o(RESET) refers to stm32f4xx_it.o(i.TIM6_DAC_IRQHandler) for TIM6_DAC_IRQHandler
    startup_stm32f427xx.o(RESET) refers to stm32f4xx_it.o(i.DMA2_Stream1_IRQHandler) for DMA2_Stream1_IRQHandler
    startup_stm32f427xx.o(RESET) refers to stm32f4xx_it.o(i.DMA2_Stream2_IRQHandler) for DMA2_Stream2_IRQHandler
    startup_stm32f427xx.o(RESET) refers to stm32f4xx_it.o(i.USART6_IRQHandler) for USART6_IRQHandler
    startup_stm32f427xx.o(.text) refers to system_stm32f4xx.o(i.SystemInit) for SystemInit
    startup_stm32f427xx.o(.text) refers to entry.o(.ARM.Collect$$$$00000000) for __main
    can.o(i.CAN_Receive_Msg) refers to stm32f4xx_hal_can.o(i.HAL_CAN_GetRxMessage) for HAL_CAN_GetRxMessage
    can.o(i.CAN_Receive_Msg) refers to can.o(.data) for .data
    can.o(i.CAN_Receive_Msg) refers to can.o(.bss) for .bss
    can.o(i.CAN_Receive_Msg) refers to main.o(.bss) for hcan1
    can.o(i.CAN_Send_Msg) refers to stm32f4xx_hal_can.o(i.HAL_CAN_AddTxMessage) for HAL_CAN_AddTxMessage
    can.o(i.CAN_Send_Msg) refers to can.o(.bss) for .bss
    can.o(i.CAN_Send_Msg) refers to main.o(.bss) for hcan1
    q6623.o(i.HAL_CAN_RxFifo0MsgPendingCallback) refers to q6623.o(i.Motor_CAN_Receive) for Motor_CAN_Receive
    q6623.o(i.HAL_CAN_RxFifo0MsgPendingCallback) refers to q6623.o(i.EncoderProcess) for EncoderProcess
    q6623.o(i.HAL_CAN_RxFifo0MsgPendingCallback) refers to main.o(.bss) for hcan1
    q6623.o(i.HAL_CAN_RxFifo0MsgPendingCallback) refers to q6623.o(.data) for .data
    q6623.o(i.HAL_CAN_RxFifo0MsgPendingCallback) refers to q6623.o(.bss) for .bss
    q6623.o(i.Motor_CAN_Receive) refers to can.o(i.CAN_Receive_Msg) for CAN_Receive_Msg
    q6623.o(i.Motor_CAN_Receive) refers to can.o(.bss) for RxMsg
    q6623.o(i.Motor_CAN_Receive) refers to can.o(.data) for buf
    q6623.o(i.Motor_CAN_Receive) refers to q6623.o(.data) for .data
    q6623.o(i.Motor_CAN_Send) refers to can.o(i.CAN_Send_Msg) for CAN_Send_Msg
    q6623.o(i.Motor_CAN_Send) refers to bsp_uart.o(.bss) for rc
    q6623.o(i.Motor_CAN_Send) refers to q6623.o(.data) for .data
    q6623.o(i.Motor_Init) refers to stm32f4xx_hal_gpio.o(i.HAL_GPIO_TogglePin) for HAL_GPIO_TogglePin
    q6623.o(i.Motor_Init) refers to q6623.o(i.GetEncoderBias) for GetEncoderBias
    q6623.o(i.Motor_Init) refers to q6623.o(.data) for .data
    q6623.o(i.Motor_Init) refers to q6623.o(.bss) for .bss
    q6623.o(i.Motor_cailbration) refers to can.o(i.CAN_Send_Msg) for CAN_Send_Msg
    q6623.o(i.gimbal_send) refers to can.o(i.CAN_Send_Msg) for CAN_Send_Msg
    q6623.o(i.pitch_count) refers to q6623.o(.data) for .data
    q6623.o(i.pitch_count) refers to q6623.o(.bss) for .bss
    q6623.o(i.yaw_count) refers to q6623.o(.data) for .data
    q6623.o(i.yaw_count) refers to q6623.o(.bss) for .bss
    bsp_uart.o(i.dbus_uart_init) refers to stm32f4xx_hal_dma.o(i.HAL_DMA_Start) for HAL_DMA_Start
    bsp_uart.o(i.dbus_uart_init) refers to main.o(.bss) for huart1
    bsp_uart.o(i.dbus_uart_init) refers to bsp_uart.o(.bss) for .bss
    bsp_uart.o(i.uart_receive_handler) refers to bsp_uart.o(i.rc_callback_handler) for rc_callback_handler
    bsp_uart.o(i.uart_receive_handler) refers to main.o(.bss) for huart1
    bsp_uart.o(i.uart_receive_handler) refers to bsp_uart.o(.bss) for .bss
    pid.o(i.PID_Reset) refers to pid.o(.bss) for .bss
    pid.o(i.PID_TEST_P) refers to pid.o(.bss) for .bss
    pid.o(i.PID_TEST_P) refers to pid.o(.data) for .data
[...]
    i.HAL_CAN_TxMailbox1AbortCallback        0x08001314   Section        0  stm32f4xx_hal_can.o(i.HAL_CAN_TxMailbox1AbortCallback)
    i.HAL_CAN_TxMailbox1CompleteCallback     0x08001316   Section        0  stm32f4xx_hal_can.o(i.HAL_CAN_TxMailbox1CompleteCallback)
    i.HAL_CAN_TxMailbox2AbortCallback        0x08001318   Section        0  stm32f4xx_hal_can.o(i.HAL_CAN_TxMailbox2AbortCallback)
    i.HAL_CAN_TxMailbox2CompleteCallback     0x0800131a   Section        0  stm32f4xx_hal_can.o(i.HAL_CAN_TxMailbox2CompleteCallback)
    i.HAL_CAN_WakeUpFromRxMsgCallback        0x0800131c   Section        0  stm32f4xx_hal_can.o(i.HAL_CAN_WakeUpFromRxMsgCallback)
    i.HAL_DMA_Abort                          0x0800131e   Section        0  stm32f4xx_hal_dma.o(i.HAL_DMA_Abort)
    i.HAL_DMA_Abort_IT                       0x080013ac   Section        0  stm32f4xx_hal_dma.o(i.HAL_DMA_Abort_IT)
    i.HAL_DMA_IRQHandler                     0x080013d0   Section        0  stm32f4xx_hal_dma.o(i.HAL_DMA_IRQHandler)
    i.HAL_DMA_Init                           0x08001570   Section        0  stm32f4xx_hal_dma.o(i.HAL_DMA_Init)
    i.HAL_DMA_Start                          0x08001644   Section        0  stm32f4xx_hal_dma.o(i.HAL_DMA_Start)
    i.HAL_DMA_Start_IT                       0x0800168a   Section        0  stm32f4xx_hal_dma.o(i.HAL_DMA_Start_IT)
    i.HAL_Delay                              0x08001704   Section        0  stm32f4xx_hal.o(i.HAL_Delay)
    i.HAL_GPIO_Init                          0x08001728   Section        0  stm32f4xx_hal_gpio.o(i.HAL_GPIO_Init)
    i.HAL_GPIO_TogglePin                     0x080018f4   Section        0  stm32f4xx_hal_gpio.o(i.HAL_GPIO_TogglePin)
    i.HAL_GPIO_WritePin                      0x080018fc   Section        0  stm32f4xx_hal_gpio.o(i.HAL_GPIO_WritePin)
    i.HAL_GetTick                            0x08001908   Section        0  stm32f4xx_hal.o(i.HAL_GetTick)
    i.HAL_IncTick                            0x08001914   Section        0  stm32f4xx_hal.o(i.HAL_IncTick)
    i.HAL_Init                               0x08001924   Section        0  stm32f4xx_hal.o(i.HAL_Init)
    i.HAL_InitTick                           0x08001958   Section        0  stm32f4xx_hal.o(i.HAL_InitTick)
    i.HAL_MspInit                            0x08001998   Section        0  stm32f4xx_hal_msp.o(i.HAL_MspInit)
    i.HAL_NVIC_EnableIRQ                     0x08001a1c   Section        0  stm32f4xx_hal_cortex.o(i.HAL_NVIC_EnableIRQ)
    i.HAL_NVIC_SetPriority                   0x08001a34   Section        0  stm32f4xx_hal_cortex.o(i.HAL_NVIC_SetPriority)
    i.HAL_NVIC_SetPriorityGrouping           0x08001a74   Section        0  stm32f4xx_hal_cortex.o(i.HAL_NVIC_SetPriorityGrouping)
    i.HAL_RCC_ClockConfig                    0x08001a98   Section        0  stm32f4xx_hal_rcc.o(i.HAL_RCC_ClockConfig)
    i.HAL_RCC_GetHCLKFreq                    0x08001bc8   Section        0  stm32f4xx_hal_rcc.o(i.HAL_RCC_GetHCLKFreq)
    i.HAL_RCC_GetPCLK1Freq                   0x08001bd4   Section        0  stm32f4xx_hal_rcc.o(i.HAL_RCC_GetPCLK1Freq)
    i.HAL_RCC_GetPCLK2Freq                   0x08001bf4   Section        0  stm32f4xx_hal_rcc.o(i.HAL_RCC_GetPCLK2Freq)
    i.HAL_RCC_GetSysClockFreq                0x08001c14   Section        0  stm32f4xx_hal_rcc.o(i.HAL_RCC_GetSysClockFreq)
    i.HAL_RCC_OscConfig                      0x08001c78   Section        0  stm32f4xx_hal_rcc.o(i.HAL_RCC_OscConfig)
    i.HAL_SPI_Init                           0x08001f94   Section        0  stm32f4xx_hal_spi.o(i.HAL_SPI_Init)
    i.HAL_SPI_MspInit                        0x08002014   Section        0  stm32f4xx_hal_msp.o(i.HAL_SPI_MspInit)
    i.HAL_SPI_TransmitReceive                0x08002060   Section        0  stm32f4xx_hal_spi.o(i.HAL_SPI_TransmitReceive)
    i.HAL_SYSTICK_CLKSourceConfig            0x08002238   Section        0  stm32f4xx_hal_cortex.o(i.HAL_SYSTICK_CLKSourceConfig)
    i.HAL_SYSTICK_Callback                   0x08002250   Section        0  stm32f4xx_hal_cortex.o(i.HAL_SYSTICK_Callback)
    i.HAL_SYSTICK_Config                     0x08002252   Section        0  stm32f4xx_hal_cortex.o(i.HAL_SYSTICK_Config)
    i.HAL_SYSTICK_IRQHandler                 0x0800227a   Section        0  stm32f4xx_hal_cortex.o(i.HAL_SYSTICK_IRQHandler)
    i.HAL_TIMEx_BreakCallback                0x08002282   Section        0  stm32f4xx_hal_tim_ex.o(i.HAL_TIMEx_BreakCallback)
    i.HAL_TIMEx_CommutationCallback          0x08002284   Section        0  stm32f4xx_hal_tim_ex.o(i.HAL_TIMEx_CommutationCallback)
    i.HAL_TIMEx_MasterConfigSynchronization  0x08002286   Section        0  stm32f4xx_hal_tim_ex.o(i.HAL_TIMEx_MasterConfigSynchronization)
    i.HAL_TIM_Base_Init                      0x080022d6   Section        0  stm32f4xx_hal_tim.o(i.HAL_TIM_Base_Init)
    i.HAL_TIM_Base_MspInit                   0x0800230c   Section        0  stm32f4xx_hal_msp.o(i.HAL_TIM_Base_MspInit)
    i.HAL_TIM_Base_Start_IT                  0x08002348   Section        0  stm32f4xx_hal_tim.o(i.HAL_TIM_Base_Start_IT)
    i.HAL_TIM_ConfigClockSource              0x08002360   Section        0  stm32f4xx_hal_tim.o(i.HAL_TIM_ConfigClockSource)
    i.HAL_TIM_IC_CaptureCallback             0x08002452   Section        0  stm32f4xx_hal_tim.o(i.HAL_TIM_IC_CaptureCallback)
    i.HAL_TIM_IRQHandler                     0x08002454   Section        0  stm32f4xx_hal_tim.o(i.HAL_TIM_IRQHandler)
    i.HAL_TIM_OC_DelayElapsedCallback        0x080025ba   Section        0  stm32f4xx_hal_tim.o(i.HAL_TIM_OC_DelayElapsedCallback)
    i.HAL_TIM_PWM_PulseFinishedCallback      0x080025bc   Section        0  stm32f4xx_hal_tim.o(i.HAL_TIM_PWM_PulseFinishedCallback)
    i.HAL_TIM_PeriodElapsedCallback          0x080025c0   Section        0  stm32f4xx_it.o(i.HAL_TIM_PeriodElapsedCallback)
    i.HAL_TIM_TriggerCallback                0x080025f0   Section        0  stm32f4xx_hal_tim.o(i.HAL_TIM_TriggerCallback)
    i.HAL_UART_AbortReceive                  0x080025f2   Section        0  stm32f4xx_hal_uart.o(i.HAL_UART_AbortReceive)
    i.HAL_UART_ErrorCallback                 0x08002636   Section        0  stm32f4xx_hal_uart.o(i.HAL_UART_ErrorCallback)
    i.HAL_UART_IRQHandler                    0x08002638   Section        0  stm32f4xx_hal_uart.o(i.HAL_UART_IRQHandler)
    i.HAL_UART_Init                          0x08002748   Section        0  stm32f4xx_hal_uart.o(i.HAL_UART_Init)
    i.HAL_UART_MspInit                       0x080027ac   Section        0  stm32f4xx_hal_msp.o(i.HAL_UART_MspInit)
    i.HAL_UART_Receive_DMA                   0x080028d8   Section        0  stm32f4xx_hal_uart.o(i.HAL_UART_Receive_DMA)
    i.HAL_UART_RxCpltCallback                0x08002970   Section        0  stm32f4xx_hal_uart.o(i.HAL_UART_RxCpltCallback)
    i.HAL_UART_RxHalfCpltCallback            0x08002972   Section        0  stm32f4xx_hal_uart.o(i.HAL_UART_RxHalfCpltCallback)
    i.HAL_UART_Transmit_DMA                  0x08002974   Section        0  stm32f4xx_hal_uart.o(i.HAL_UART_Transmit_DMA)
    i.HAL_UART_TxCpltCallback                0x080029f4   Section        0  stm32f4xx_hal_uart.o(i.HAL_UART_TxCpltCallback)
    i.HAL_UART_TxHalfCpltCallback            0x080029f6   Section        0  stm32f4xx_hal_uart.o(i.HAL_UART_TxHalfCpltCallback)
    i.HardFault_Handler                      0x080029f8   Section        0  stm32f4xx_it.o(i.HardFault_Handler)
    i.MX_CAN1_Init                           0x080029fc   Section        0  main.o(i.MX_CAN1_Init)
    MX_CAN1_Init                             0x080029fd   Thumb Code    60  main.o(i.MX_CAN1_Init)
    i.MX_GPIO_Init                           0x08002a40   Section        0  main.o(i.MX_GPIO_Init)
    MX_GPIO_Init                             0x08002a41   Thumb Code   142  main.o(i.MX_GPIO_Init)
    i.MX_SPI5_Init                           0x08002ad8   Section        0  main.o(i.MX_SPI5_Init)
    MX_SPI5_Init                             0x08002ad9   Thumb Code    56  main.o(i.MX_SPI5_Init)
    i.MX_TIM2_Init                           0x08002b18   Section        0  main.o(i.MX_TIM2_Init)
    MX_TIM2_Init                             0x08002b19   Thumb Code    74  main.o(i.MX_TIM2_Init)
    i.Mainifold_Res_Task                     0x08002b68   Section        0  minipc.o(i.Mainifold_Res_Task)
    i.MemManage_Handler                      0x08002ce8   Section        0  stm32f4xx_it.o(i.MemManage_Handler)
    i.MiniPC_Smooth                          0x08002cec   Section        0  minipc.o(i.MiniPC_Smooth)
    MiniPC_Smooth                            0x08002ced   Thumb Code   216  minipc.o(i.MiniPC_Smooth)
    i.Motor_CAN_Receive                      0x08002dd0   Section        0  q6623.o(i.Motor_CAN_Receive)
    i.Motor_Init                             0x08002e1c   Section        0  q6623.o(i.Motor_Init)
    i.NMI_Handler                            0x08002e40   Section        0  stm32f4xx_it.o(i.NMI_Handler)
    i.NVIC_SetPriority                       0x08002e42   Section        0  stm32f4xx_hal_cortex.o(i.NVIC_SetPriority)
    NVIC_SetPriority                         0x08002e43   Thumb Code    32  stm32f4xx_hal_cortex.o(i.NVIC_SetPriority)
    i.PID_Calc                               0x08002e62   Section        0  pid.o(i.PID_Calc)
    i.PID_Reset                              0x08002ef8   Section        0  pid.o(i.PID_Reset)
    i.PID_Task                               0x08002f34   Section        0  pid.o(i.PID_Task)
    i.PendSV_Handler                         0x08002f46   Section        0  stm32f4xx_it.o(i.PendSV_Handler)
    i.Ref_UpdataFromRCStick                  0x08002f48   Section        0  gimbal_task.o(i.Ref_UpdataFromRCStick)
    i.SPI_CheckFlag_BSY                      0x0800300c   Section        0  stm32f4xx_hal_spi.o(i.SPI_CheckFlag_BSY)
    SPI_CheckFlag_BSY                        0x0800300d   Thumb Code    32  stm32f4xx_hal_spi.o(i.SPI_CheckFlag_BSY)
    i.SPI_WaitFlagStateUntilTimeout          0x0800302c   Section        0  stm32f4xx_hal_spi.o(i.SPI_WaitFlagStateUntilTimeout)
    SPI_WaitFlagStateUntilTimeout            0x0800302d   Thumb Code   150  stm32f4xx_hal_spi.o(i.SPI_WaitFlagStateUntilTimeout)
    i.SVC_Handler                            0x080030c2   Section        0  stm32f4xx_it.o(i.SVC_Handler)
    i.Send_MiniPC                            0x080030c4   Section        0  minipc.o(i.Send_MiniPC)
    i.SetGimbalMotorOutput                   0x08003188   Section        0  gimbal.o(i.SetGimbalMotorOutput)
    i.SysTick_Handler                        0x080031a4   Section        0  stm32f4xx_it.o(i.SysTick_Handler)
    i.SystemClock_Config                     0x080031b4   Section        0  main.o(i.SystemClock_Config)
    i.SystemInit                             0x08003254   Section        0  system_stm32f4xx.o(i.SystemInit)
    i.TIM6_DAC_IRQHandler                    0x080032a8   Section        0  stm32f4xx_it.o(i.TIM6_DAC_IRQHandler)
    i.TIM_Base_SetConfig                     0x080032b4   Section        0  stm32f4xx_hal_tim.o(i.TIM_Base_SetConfig)
    i.TIM_ETR_SetConfig                      0x08003374   Section        0  stm32f4xx_hal_tim.o(i.TIM_ETR_SetConfig)
    TIM_ETR_SetConfig                        0x08003375   Thumb Code    20  stm32f4xx_hal_tim.o(i.TIM_ETR_SetConfig)
    i.TIM_ITRx_SetConfig                     0x08003388   Section        0  stm32f4xx_hal_tim.o(i.TIM_ITRx_SetConfig)
    TIM_ITRx_SetConfig                       0x08003389   Thumb Code    16  stm32f4xx_hal_tim.o(i.TIM_ITRx_SetConfig)
    i.TIM_TI1_ConfigInputStage               0x08003398   Section        0  stm32f4xx_hal_tim.o(i.TIM_TI1_ConfigInputStage)
    TIM_TI1_ConfigInputStage                 0x08003399   Thumb Code    34  stm32f4xx_hal_tim.o(i.TIM_TI1_ConfigInputStage)
    i.TIM_TI2_ConfigInputStage               0x080033ba   Section        0  stm32f4xx_hal_tim.o(i.TIM_TI2_ConfigInputStage)
    TIM_TI2_ConfigInputStage                 0x080033bb   Thumb Code    36  stm32f4xx_hal_tim.o(i.TIM_TI2_ConfigInputStage)
    i.UART_DMAAbortOnError                   0x080033de   Section        0  stm32f4xx_hal_uart.o(i.UART_DMAAbortOnError)
    UART_DMAAbortOnError                     0x080033df   Thumb Code    16  stm32f4xx_hal_uart.o(i.UART_DMAAbortOnError)
    i.UART_DMAError                          0x080033ee   Section        0  stm32f4xx_hal_uart.o(i.UART_DMAError)
    UART_DMAError                            0x080033ef   Thumb Code    74  stm32f4xx_hal_uart.o(i.UART_DMAError)
    i.UART_DMAReceiveCplt                    0x08003438   Section        0  stm32f4xx_hal_uart.o(i.UART_DMAReceiveCplt)
    UART_DMAReceiveCplt                      0x08003439   Thumb Code    60  stm32f4xx_hal_uart.o(i.UART_DMAReceiveCplt)
    i.UART_DMARxHalfCplt                     0x08003474   Section        0  stm32f4xx_hal_uart.o(i.UART_DMARxHalfCplt)
    UART_DMARxHalfCplt                       0x08003475   Thumb Code    10  stm32f4xx_hal_uart.o(i.UART_DMARxHalfCplt)
    i.UART_DMATransmitCplt                   0x0800347e   Section        0  stm32f4xx_hal_uart.o(i.UART_DMATransmitCplt)
    UART_DMATransmitCplt                     0x0800347f   Thumb Code    46  stm32f4xx_hal_uart.o(i.UART_DMATransmitCplt)
    i.UART_DMATxHalfCplt                     0x080034ac   Section        0  stm32f4xx_hal_uart.o(i.UART_DMATxHalfCplt)
    UART_DMATxHalfCplt                       0x080034ad   Thumb Code    10  stm32f4xx_hal_uart.o(i.UART_DMATxHalfCplt)
    i.UART_EndRxTransfer                     0x080034b6   Section        0  stm32f4xx_hal_uart.o(i.UART_EndRxTransfer)
    UART_EndRxTransfer                       0x080034b7   Thumb Code    28  stm32f4xx_hal_uart.o(i.UART_EndRxTransfer)
    i.UART_EndTxTransfer                     0x080034d2   Section        0  stm32f4xx_hal_uart.o(i.UART_EndTxTransfer)
    UART_EndTxTransfer                       0x080034d3   Thumb Code    18  stm32f4xx_hal_uart.o(i.UART_EndTxTransfer)
    i.UART_Receive_IT                        0x080034e4   Section        0  stm32f4xx_hal_uart.o(i.UART_Receive_IT)
    UART_Receive_IT                          0x080034e5   Thumb Code   140  stm32f4xx_hal_uart.o(i.UART_Receive_IT)
    i.UART_SetConfig                         0x08003570   Section        0  stm32f4xx_hal_uart.o(i.UART_SetConfig)
    UART_SetConfig                           0x08003571   Thumb Code   676  stm32f4xx_hal_uart.o(i.UART_SetConfig)
    i.UART_Transmit_IT                       0x0800381c   Section        0  stm32f4xx_hal_uart.o(i.UART_Transmit_IT)
    UART_Transmit_IT                         0x0800381d   Thumb Code    98  stm32f4xx_hal_uart.o(i.UART_Transmit_IT)
    i.USART1_IRQHandler                      0x08003880   Section        0  stm32f4xx_it.o(i.USART1_IRQHandler)
    i.USART6_IRQHandler                      0x08003898   Section        0  stm32f4xx_it.o(i.USART6_IRQHandler)
    i.UsageFault_Handler                     0x080038f8   Section        0  stm32f4xx_it.o(i.UsageFault_Handler)
    i._Error_Handler                         0x080038fa   Section        0  main.o(i._Error_Handler)
    i.__ARM_fpclassify                       0x080038fc   Section        0  fpclassify.o(i.__ARM_fpclassify)
    i.__hardfp_asin                          0x08003930   Section        0  asin.o(i.__hardfp_asin)
    i.__hardfp_atan                          0x08003c90   Section        0  atan.o(i.__hardfp_atan)
    i.__hardfp_atan2                         0x08003f68   Section        0  atan2.o(i.__hardfp_atan2)
    i.__hardfp_fabs                          0x08004158   Section        0  fabs.o(i.__hardfp_fabs)
    i.__hardfp_sqrt                          0x0800416c   Section        0  sqrt.o(i.__hardfp_sqrt)
    i.__kernel_poly                          0x080041e6   Section        0  poly.o(i.__kernel_poly)
    i.__mathlib_dbl_infnan                   0x080042de   Section        0  dunder.o(i.__mathlib_dbl_infnan)
    i.__mathlib_dbl_infnan2                  0x080042f2   Section        0  dunder.o(i.__mathlib_dbl_infnan2)
    i.__mathlib_dbl_invalid                  0x08004308   Section        0  dunder.o(i.__mathlib_dbl_invalid)
    i.__mathlib_dbl_underflow                0x08004328   Section        0  dunder.o(i.__mathlib_dbl_underflow)
    i.__scatterload_copy                     0x08004348   Section       14  handlers.o(i.__scatterload_copy)
    i.__scatterload_null                     0x08004356   Section        2  handlers.o(i.__scatterload_null)
    i.__scatterload_zeroinit                 0x08004358   Section       14  handlers.o(i.__scatterload_zeroinit)
    i.__set_errno                            0x08004368   Section        0  errno.o(i.__set_errno)
    i.atan                                   0x08004374   Section        0  atan.o(i.atan)
    i.bufferPop                              0x08004384   Section        0  bsp_data.o(i.bufferPop)
    i.bufferPush                             0x080043b2   Section        0  bsp_data.o(i.bufferPush)
    i.buffer_multiPop                        0x080043e4   Section        0  bsp_data.o(i.buffer_multiPop)
    i.bufferlen                              0x0800440a   Section        0  bsp_data.o(i.bufferlen)
    i.dbus_uart_init                         0x0800441c   Section        0  bsp_uart.o(i.dbus_uart_init)
    i.fabs                                   0x08004464   Section        0  fabs.o(i.fabs)
    i.get_pitchyaw                           0x0800447c   Section        0  imu.o(i.get_pitchyaw)
    i.gimbal_send                            0x08004554   Section        0  q6623.o(i.gimbal_send)
    i.imu_ahrs_update                        0x0800457c   Section        0  imu.o(i.imu_ahrs_update)
    i.imu_attitude_update                    0x08004a28   Section        0  imu.o(i.imu_attitude_update)
    i.imu_run                                0x08004b9c   Section        0  imu.o(i.imu_run)
    i.init_quaternion                        0x08004bb0   Section        0  imu.o(i.init_quaternion)
    i.inv_sqrt                               0x08004d7c   Section        0  imu.o(i.inv_sqrt)
    i.ist8310_get_data                       0x08004da8   Section        0  imu.o(i.ist8310_get_data)
    i.ist8310_init                           0x08004db2   Section        0  imu.o(i.ist8310_init)
    i.ist_reg_read_by_mpu                    0x08004eb2   Section        0  imu.o(i.ist_reg_read_by_mpu)
    ist_reg_read_by_mpu                      0x08004eb3   Thumb Code    56  imu.o(i.ist_reg_read_by_mpu)
    i.ist_reg_write_by_mpu                   0x08004eea   Section        0  imu.o(i.ist_reg_write_by_mpu)
    ist_reg_write_by_mpu                     0x08004eeb   Thumb Code    66  imu.o(i.ist_reg_write_by_mpu)
    i.main                                   0x08004f2c   Section        0  main.o(i.main)
    i.mpu_device_init                        0x080050d8   Section        0  imu.o(i.mpu_device_init)
    i.mpu_get_data                           0x0800513c   Section        0  imu.o(i.mpu_get_data)
    i.mpu_master_i2c_auto_read_config        0x0800523c   Section        0  imu.o(i.mpu_master_i2c_auto_read_config)
    mpu_master_i2c_auto_read_config          0x0800523d   Thumb Code   142  imu.o(i.mpu_master_i2c_auto_read_config)
    i.mpu_offset_call                        0x080052cc   Section        0  imu.o(i.mpu_offset_call)
    i.mpu_read_byte                          0x08005370   Section        0  imu.o(i.mpu_read_byte)
    i.mpu_read_bytes                         0x080053c0   Section        0  imu.o(i.mpu_read_bytes)
    i.mpu_set_accel_fsr                      0x0800541c   Section        0  imu.o(i.mpu_set_accel_fsr)
    i.mpu_set_gyro_fsr                       0x08005426   Section        0  imu.o(i.mpu_set_gyro_fsr)
    i.mpu_write_byte                         0x08005430   Section        0  imu.o(i.mpu_write_byte)
    i.rc_callback_handler                    0x08005484   Section        0  bsp_uart.o(i.rc_callback_handler)
    i.sqrt                                   0x08005516   Section        0  sqrt.o(i.sqrt)
    i.uart_receive_handler                   0x08005584   Section        0  bsp_uart.o(i.uart_receive_handler)
    .constdata                               0x080055e4   Section       20  imu.o(.constdata)
    .constdata                               0x080055f8   Section        8  stm32f4xx_hal_dma.o(.constdata)
    flagBitshiftOffset                       0x080055f8   Data           8  stm32f4xx_hal_dma.o(.constdata)
    .constdata                               0x08005600   Section       16  system_stm32f4xx.o(.constdata)
    .constdata                               0x08005610   Section        8  system_stm32f4xx.o(.constdata)
    .constdata                               0x08005618   Section       80  asin.o(.constdata)
    pS                                       0x08005618   Data          48  asin.o(.constdata)
    qS                                       0x08005648   Data          32  asin.o(.constdata)
    .constdata                               0x08005668   Section      152  atan.o(.constdata)
    atanhi                                   0x08005668   Data          32  atan.o(.constdata)
    atanlo                                   0x08005688   Data          32  atan.o(.constdata)
    aTodd                                    0x080056a8   Data          40  atan.o(.constdata)
    aTeven                                   0x080056d0   Data          48  atan.o(.constdata)
    .constdata                               0x08005700   Section        8  qnan.o(.constdata)
    .data                                    0x20000000   Section        8  can.o(.data)
    .data                                    0x20000008   Section       32  q6623.o(.data)
    .data                                    0x20000028   Section      112  imu.o(.data)
    tx                                       0x20000028   Data           1  imu.o(.data)
    rx                                       0x20000029   Data           1  imu.o(.data)
    yaw_count                                0x20000040   Data           4  imu.o(.data)
    time                                     0x20000044   Data           4  imu.o(.data)
    gx                                       0x20000054   Data           4  imu.o(.data)
    gy                                       0x20000058   Data           4  imu.o(.data)
    gz                                       0x2000005c   Data           4  imu.o(.data)
    ax                                       0x20000060   Data           4  imu.o(.data)
    ay                                       0x20000064   Data           4  imu.o(.data)
    az                                       0x20000068   Data           4  imu.o(.data)
    mx                                       0x2000006c   Data           4  imu.o(.data)
    my                                       0x20000070   Data           4  imu.o(.data)
    mz                                       0x20000074   Data           4  imu.o(.data)
    tx_buff                                  0x2000008a   Data          14  imu.o(.data)
    .data                                    0x20000098   Section      344  gimbal.o(.data)
    .data                                    0x200001f0   Section       20  minipc.o(.data)
    Res_OK                                   0x200001f0   Data           1  minipc.o(.data)
    i                                        0x200001f1   Data           1  minipc.o(.data)
    sumY                                     0x200001f8   Data           4  minipc.o(.data)
    sumP                                     0x200001fc   Data           4  minipc.o(.data)
    sumD                                     0x20000200   Data           4  minipc.o(.data)
    .data                                    0x20000204   Section        8  stm32f4xx_it.o(.data)
    .data                                    0x2000020c   Section       12  stm32f4xx_hal.o(.data)
    .data                                    0x20000218   Section        4  system_stm32f4xx.o(.data)
    .data                                    0x2000021c   Section        4  errno.o(.data)
    _errno                                   0x2000021c   Data           4  errno.o(.data)
    .bss                                     0x20000220   Section       52  can.o(.bss)
    .bss                                     0x20000254   Section      152  q6623.o(.bss)
    .bss                                     0x200002ec   Section       28  bsp_uart.o(.bss)
    .bss                                     0x20000308   Section       24  pid.o(.bss)
    .bss                                     0x20000320   Section      140  imu.o(.bss)
    .bss                                     0x200003ac   Section     1370  minipc.o(.bss)
    MiniPC_DMA_BUFF                          0x20000820   Data         200  minipc.o(.bss)
    frame_temp_mini                          0x200008e8   Data          30  minipc.o(.bss)
    .bss                                     0x20000908   Section      376  main.o(.bss)
    .bss                                     0x20000a80   Section       96  main.o(.bss)
    .bss                                     0x20000ae0   Section       96  main.o(.bss)
    .bss                                     0x20000b40   Section       80  stm32f4xx_it.o(.bss)
    STACK                                    0x20000b90   Section     1024  startup_stm32f427xx.o(STACK)

    Global Symbols

    Symbol Name                              Value     Ov Type        Size  Object(Section)

    BuildAttributes$$THM_ISAv4$E$P$D$K$B$S$7EM$VFPi3$EXTD16$VFPS$VFMA$PE$A:L22UL41UL21$X:L11$S22US41US21$IEEE1$IW$USESV6$~STKCKD$USESV7$~SHL$OTIME$ROPI$IEEEX$EBA8$MICROLIB$REQ8$PRES8$EABIv2 0x00000000   Number         0  anon$$obj.o ABSOLUTE
    __ARM_use_no_argv                        0x00000000   Number         0  main.o ABSOLUTE
    __cpp_initialize__aeabi_                  - Undefined Weak Reference
    __cxa_finalize                            - Undefined Weak Reference
    _clock_init                               - Undefined Weak Reference
    _microlib_exit                            - Undefined Weak Reference
    __Vectors_Size                           0x000001ac   Number         0  startup_stm32f427xx.o ABSOLUTE
    __Vectors                                0x08000000   Data           4  startup_stm32f427xx.o(RESET)
    __Vectors_End                            0x080001ac   Data           0  startup_stm32f427xx.o(RESET)
    __main                                   0x080001ad   Thumb Code     0  entry.o(.ARM.Collect$$$$00000000)
    _main_stk                                0x080001ad   Thumb Code     0  entry2.o(.ARM.Collect$$$$00000001)
    _main_scatterload                        0x080001b1   Thumb Code     0  entry5.o(.ARM.Collect$$$$00000004)
    __main_after_scatterload                 0x080001b5   Thumb Code     0  entry5.o(.ARM.Collect$$$$00000004)
    _main_clock                              0x080001b5   Thumb Code     0  entry7b.o(.ARM.Collect$$$$00000008)
    _main_cpp_init                           0x080001b5   Thumb Code     0  entry8b.o(.ARM.Collect$$$$0000000A)
    _main_init                               0x080001b5   Thumb Code     0  entry9a.o(.ARM.Collect$$$$0000000B)
    __rt_final_cpp                           0x080001bd   Thumb Code     0  entry10a.o(.ARM.Collect$$$$0000000D)
    __rt_final_exit                          0x080001bd   Thumb Code     0  entry11a.o(.ARM.Collect$$$$0000000F)
    Reset_Handler                            0x080001c1   Thumb Code     8  startup_stm32f427xx.o(.text)
    ADC_IRQHandler                           0x080001db   Thumb Code     0  startup_stm32f427xx.o(.text)
    CAN1_RX1_IRQHandler                      0x080001db   Thumb Code     0  startup_stm32f427xx.o(.text)
    CAN1_SCE_IRQHandler                      0x080001db   Thumb Code     0  startup_stm32f427xx.o(.text)
    CAN2_RX0_IRQHandler                      0x080001db   Thumb Code     0  startup_stm32f427xx.o(.text)
    CAN2_RX1_IRQHandler                      0x080001db   Thumb Code     0  startup_stm32f427xx.o(.text)
    CAN2_SCE_IRQHandler                      0x080001db   Thumb Code     0  startup_stm32f427xx.o(.text)
    CAN2_TX_IRQHandler                       0x080001db   Thumb Code     0  startup_stm32f427xx.o(.text)
    DCMI_IRQHandler                          0x080001db   Thumb Code     0  startup_stm32f427xx.o(.text)
    DMA1_Stream0_IRQHandler                  0x080001db   Thumb Code     0  startup_stm32f427xx.o(.text)
    DMA1_Stream1_IRQHandler                  0x080001db   Thumb Code     0  startup_stm32f427xx.o(.text)
    DMA1_Stream2_IRQHandler                  0x080001db   Thumb Code     0  startup_stm32f427xx.o(.text)
    DMA1_Stream3_IRQHandler                  0x080001db   Thumb Code     0  startup_stm32f427xx.o(.text)
    DMA1_Stream4_IRQHandler                  0x080001db   Thumb Code     0  startup_stm32f427xx.o(.text)
    DMA1_Stream5_IRQHandler                  0x080001db   Thumb Code     0  startup_stm32f427xx.o(.text)
    DMA1_Stream6_IRQHandler                  0x080001db   Thumb Code     0  startup_stm32f427xx.o(.text)
    DMA1_Stream7_IRQHandler                  0x080001db   Thumb Code     0  startup_stm32f427xx.o(.text)
    DMA2D_IRQHandler                         0x080001db   Thumb Code     0  startup_stm32f427xx.o(.text)
    DMA2_Stream0_IRQHandler                  0x080001db   Thumb Code     0  startup_stm32f427xx.o(.text)
    DMA2_Stream3_IRQHandler                  0x080001db   Thumb Code     0  startup_stm32f427xx.o(.text)
    DMA2_Stream4_IRQHandler                  0x080001db   Thumb Code     0  startup_stm32f427xx.o(.text)
    DMA2_Stream5_IRQHandler                  0x080001db   Thumb Code     0  startup_stm32f427xx.o(.text)
    DMA2_Stream6_IRQHandler                  0x080001db   Thumb Code     0  startup_stm32f427xx.o(.text)
    DMA2_Stream7_IRQHandler                  0x080001db   Thumb Code     0  startup_stm32f427xx.o(.text)
    ETH_IRQHandler                           0x080001db   Thumb Code     0  startup_stm32f427xx.o(.text)
    ETH_WKUP_IRQHandler                      0x080001db   Thumb Code     0  startup_stm32f427xx.o(.text)
    EXTI0_IRQHandler                         0x080001db   Thumb Code     0  startup_stm32f427xx.o(.text)
    EXTI15_10_IRQHandler                     0x080001db   Thumb Code     0  startup_stm32f427xx.o(.text)
    EXTI1_IRQHandler                         0x080001db   Thumb Code     0  startup_stm32f427xx.o(.text)
    EXTI2_IRQHandler                         0x080001db   Thumb Code     0  startup_stm32f427xx.o(.text)
    EXTI3_IRQHandler                         0x080001db   Thumb Code     0  startup_stm32f427xx.o(.text)
    EXTI4_IRQHandler                         0x080001db   Thumb Code     0  startup_stm32f427xx.o(.text)
    EXTI9_5_IRQHandler                       0x080001db   Thumb Code     0  startup_stm32f427xx.o(.text)
    FLASH_IRQHandler                         0x080001db   Thumb Code     0  startup_stm32f427xx.o(.text)
    FMC_IRQHandler                           0x080001db   Thumb Code     0  startup_stm32f427xx.o(.text)
    FPU_IRQHandler                           0x080001db   Thumb Code     0  startup_stm32f427xx.o(.text)
    HASH_RNG_IRQHandler                      0x080001db   Thumb Code     0  startup_stm32f427xx.o(.text)
    I2C1_ER_IRQHandler                       0x080001db   Thumb Code     0  startup_stm32f427xx.o(.text)
    I2C1_EV_IRQHandler                       0x080001db   Thumb Code     0  startup_stm32f427xx.o(.text)
    I2C2_ER_IRQHandler                       0x080001db   Thumb Code     0  startup_stm32f427xx.o(.text)
    I2C2_EV_IRQHandler                       0x080001db   Thumb Code     0  startup_stm32f427xx.o(.text)
    I2C3_ER_IRQHandler                       0x080001db   Thumb Code     0  startup_stm32f427xx.o(.text)
    I2C3_EV_IRQHandler                       0x080001db   Thumb Code     0  startup_stm32f427xx.o(.text)
    OTG_FS_IRQHandler                        0x080001db   Thumb Code     0  startup_stm32f427xx.o(.text)
    OTG_FS_WKUP_IRQHandler                   0x080001db   Thumb Code     0  startup_stm32f427xx.o(.text)
    OTG_HS_EP1_IN_IRQHandler                 0x080001db   Thumb Code     0  startup_stm32f427xx.o(.text)
    OTG_HS_EP1_OUT_IRQHandler                0x080001db   Thumb Code     0  startup_stm32f427xx.o(.text)
    OTG_HS_IRQHandler                        0x080001db   Thumb Code     0  startup_stm32f427xx.o(.text)
    OTG_HS_WKUP_IRQHandler                   0x080001db   Thumb Code     0  startup_stm32f427xx.o(.text)
    PVD_IRQHandler                           0x080001db   Thumb Code     0  startup_stm32f427xx.o(.text)
    RCC_IRQHandler                           0x080001db   Thumb Code     0  startup_stm32f427xx.o(.text)
    RTC_Alarm_IRQHandler                     0x080001db   Thumb Code     0  startup_stm32f427xx.o(.text)
    RTC_WKUP_IRQHandler                      0x080001db   Thumb Code     0  startup_stm32f427xx.o(.text)
    SAI1_IRQHandler                          0x080001db   Thumb Code     0  startup_stm32f427xx.o(.text)
    SDIO_IRQHandler                          0x080001db   Thumb Code     0  startup_stm32f427xx.o(.text)
    SPI1_IRQHandler                          0x080001db   Thumb Code     0  startup_stm32f427xx.o(.text)
    SPI2_IRQHandler                          0x080001db   Thumb Code     0  startup_stm32f427xx.o(.text)
    SPI3_IRQHandler                          0x080001db   Thumb Code     0  startup_stm32f427xx.o(.text)
    SPI4_IRQHandler                          0x080001db   Thumb Code     0  startup_stm32f427xx.o(.text)
    SPI5_IRQHandler                          0x080001db   Thumb Code     0  startup_stm32f427xx.o(.text)
    SPI6_IRQHandler                          0x080001db   Thumb Code     0  startup_stm32f427xx.o(.text)
    TAMP_STAMP_IRQHandler                    0x080001db   Thumb Code     0  startup_stm32f427xx.o(.text)
    TIM1_BRK_TIM9_IRQHandler                 0x080001db   Thumb Code     0  startup_stm32f427xx.o(.text)
    TIM1_CC_IRQHandler                       0x080001db   Thumb Code     0  startup_stm32f427xx.o(.text)
    TIM1_TRG_COM_TIM11_IRQHandler            0x080001db   Thumb Code     0  startup_stm32f427xx.o(.text)
    TIM1_UP_TIM10_IRQHandler                 0x080001db   Thumb Code     0  startup_stm32f427xx.o(.text)
    TIM2_IRQHandler                          0x080001db   Thumb Code     0  startup_stm32f427xx.o(.text)
    TIM3_IRQHandler                          0x080001db   Thumb Code     0  startup_stm32f427xx.o(.text)
    TIM4_IRQHandler                          0x080001db   Thumb Code     0  startup_stm32f427xx.o(.text)
    TIM5_IRQHandler                          0x080001db   Thumb Code     0  startup_stm32f427xx.o(.text)
    TIM7_IRQHandler                          0x080001db   Thumb Code     0  startup_stm32f427xx.o(.text)
    TIM8_BRK_TIM12_IRQHandler                0x080001db   Thumb Code     0  startup_stm32f427xx.o(.text)
    TIM8_CC_IRQHandler                       0x080001db   Thumb Code     0  startup_stm32f427xx.o(.text)
    TIM8_TRG_COM_TIM14_IRQHandler            0x080001db   Thumb Code     0  startup_stm32f427xx.o(.text)
    TIM8_UP_TIM13_IRQHandler                 0x080001db   Thumb Code     0  startup_stm32f427xx.o(.text)
    UART4_IRQHandler                         0x080001db   Thumb Code     0  startup_stm32f427xx.o(.text)
    UART5_IRQHandler                         0x080001db   Thumb Code     0  startup_stm32f427xx.o(.text)
    UART7_IRQHandler                         0x080001db   Thumb Code     0  startup_stm32f427xx.o(.text)
    UART8_IRQHandler                         0x080001db   Thumb Code     0  startup_stm32f427xx.o(.text)
    USART2_IRQHandler                        0x080001db   Thumb Code     0  startup_stm32f427xx.o(.text)
    USART3_IRQHandler                        0x080001db   Thumb Code     0  startup_stm32f427xx.o(.text)
    WWDG_IRQHandler                          0x080001db   Thumb Code     0  startup_stm32f427xx.o(.text)
    __aeabi_uldivmod                         0x080001e5   Thumb Code    98  uldiv.o(.text)
    __aeabi_memcpy                           0x08000247   Thumb Code    36  memcpya.o(.text)
    __aeabi_memcpy4                          0x08000247   Thumb Code     0  memcpya.o(.text)
    __aeabi_memcpy8                          0x08000247   Thumb Code     0  memcpya.o(.text)
    __aeabi_memset                           0x0800026b   Thumb Code    14  memseta.o(.text)
    __aeabi_memset4                          0x0800026b   Thumb Code     0  memseta.o(.text)
    __aeabi_memset8                          0x0800026b   Thumb Code     0  memseta.o(.text)
    __aeabi_memclr                           0x08000279   Thumb Code     4  memseta.o(.text)
    __aeabi_memclr4                          0x08000279   Thumb Code     0  memseta.o(.text)
    __aeabi_memclr8                          0x08000279   Thumb Code     0  memseta.o(.text)
    _memset$wrapper                          0x0800027d   Thumb Code    18  memseta.o(.text)
    __aeabi_dadd                             0x0800028f   Thumb Code   322  dadd.o(.text)
    __aeabi_dsub                             0x080003d1   Thumb Code     6  dadd.o(.text)
    __aeabi_drsub                            0x080003d7   Thumb Code     6  dadd.o(.text)
    __aeabi_dmul                             0x080003dd   Thumb Code   228  dmul.o(.text)
    __aeabi_ddiv                             0x080004c1   Thumb Code   222  ddiv.o(.text)
    __aeabi_i2d                              0x0800059f   Thumb Code    34  dflti.o(.text)
    __aeabi_f2d                              0x080005c1   Thumb Code    38  f2d.o(.text)
    __aeabi_cdrcmple                         0x080005e9   Thumb Code    48  cdrcmple.o(.text)
    __aeabi_d2f                              0x08000619   Thumb Code    56  d2f.o(.text)
    __aeabi_llsl                             0x08000651   Thumb Code    30  llshl.o(.text)
    _ll_shift_l                              0x08000651   Thumb Code     0  llshl.o(.text)
    __aeabi_llsr                             0x0800066f   Thumb Code    32  llushr.o(.text)
    _ll_ushift_r                             0x0800066f   Thumb Code     0  llushr.o(.text)
    __aeabi_lasr                             0x0800068f   Thumb Code    36  llsshr.o(.text)
    _ll_sshift_r                             0x0800068f   Thumb Code     0  llsshr.o(.text)
    __I$use$fp                               0x080006b3   Thumb Code     0  iusefp.o(.text)
    _float_round                             0x080006b3   Thumb Code    18  fepilogue.o(.text)
    _float_epilogue                          0x080006c5   Thumb Code    92  fepilogue.o(.text)
    _double_round                            0x08000721   Thumb Code    30  depilogue.o(.text)
    _double_epilogue                         0x0800073f   Thumb Code   156  depilogue.o(.text)
    _dsqrt                                   0x080007db   Thumb Code   162  dsqrt.o(.text)
    __scatterload                            0x0800087d   Thumb Code    28  init.o(.text)
    __scatterload_rt2                        0x0800087d   Thumb Code     0  init.o(.text)
    __decompress                             0x080008a1   Thumb Code     0  __dczerorl2.o(.text)
    __decompress1                            0x080008a1   Thumb Code    86  __dczerorl2.o(.text)
    Angle_Process                            0x080008f9   Thumb Code    52  angle.o(i.Angle_Process)
    BusFault_Handler                         0x08000935   Thumb Code     2  stm32f4xx_it.o(i.BusFault_Handler)
    CAN1_RX0_IRQHandler                      0x08000939   Thumb Code     6  stm32f4xx_it.o(i.CAN1_RX0_IRQHandler)
    CAN1_TX_IRQHandler                       0x08000945   Thumb Code     6  stm32f4xx_it.o(i.CAN1_TX_IRQHandler)
    CAN_Receive_Msg                          0x08000951   Thumb Code    22  can.o(i.CAN_Receive_Msg)
    CAN_Send_Msg                             0x08000975   Thumb Code    34  can.o(i.CAN_Send_Msg)
    DMA2_Stream1_IRQHandler                  0x080009a1   Thumb Code     6  stm32f4xx_it.o(i.DMA2_Stream1_IRQHandler)
    DMA2_Stream2_IRQHandler                  0x080009ad   Thumb Code     6  stm32f4xx_it.o(i.DMA2_Stream2_IRQHandler)
    DebugMon_Handler                         0x08000a5d   Thumb Code     2  stm32f4xx_it.o(i.DebugMon_Handler)
    EncoderProcess                           0x08000a61   Thumb Code   146  q6623.o(i.EncoderProcess)
    FilerConf                                0x08000afd   Thumb Code    58  main.o(i.FilerConf)
    GMCalLoop                                0x08000b41   Thumb Code   118  gimbal.o(i.GMCalLoop)
    GetEncoderBias                           0x08000bcd   Thumb Code    16  q6623.o(i.GetEncoderBias)
    Get_Time_Micros                          0x08000bdd   Thumb Code     8  imu.o(i.Get_Time_Micros)
    Gimbal_PitchAngleSet                     0x08000be5   Thumb Code    20  gimbal.o(i.Gimbal_PitchAngleSet)
    Gimbal_YawAngleSet                       0x08000c01   Thumb Code    46  gimbal.o(i.Gimbal_YawAngleSet)
    HAL_CAN_AddTxMessage                     0x08000c3d   Thumb Code   200  stm32f4xx_hal_can.o(i.HAL_CAN_AddTxMessage)
    HAL_CAN_ConfigFilter                     0x08000d05   Thumb Code   262  stm32f4xx_hal_can.o(i.HAL_CAN_ConfigFilter)
    HAL_CAN_ErrorCallback                    0x08000e11   Thumb Code    12  main.o(i.HAL_CAN_ErrorCallback)
    HAL_CAN_GetRxMessage                     0x08000e1d   Thumb Code   250  stm32f4xx_hal_can.o(i.HAL_CAN_GetRxMessage)
    HAL_CAN_IRQHandler                       0x08000f17   Thumb Code   508  stm32f4xx_hal_can.o(i.HAL_CAN_IRQHandler)
    HAL_CAN_Init                             0x08001113   Thumb Code   282  stm32f4xx_hal_can.o(i.HAL_CAN_Init)
    HAL_CAN_MspInit                          0x0800122d   Thumb Code    60  stm32f4xx_hal_msp.o(i.HAL_CAN_MspInit)
    HAL_CAN_RxFifo0FullCallback              0x08001275   Thumb Code     2  stm32f4xx_hal_can.o(i.HAL_CAN_RxFifo0FullCallback)
    HAL_CAN_RxFifo0MsgPendingCallback        0x08001279   Thumb Code    42  q6623.o(i.HAL_CAN_RxFifo0MsgPendingCallback)
    HAL_CAN_RxFifo1FullCallback              0x080012b1   Thumb Code     2  stm32f4xx_hal_can.o(i.HAL_CAN_RxFifo1FullCallback)
    HAL_CAN_RxFifo1MsgPendingCallback        0x080012b3   Thumb Code     2  stm32f4xx_hal_can.o(i.HAL_CAN_RxFifo1MsgPendingCallback)
    HAL_CAN_SleepCallback                    0x080012b5   Thumb Code     2  stm32f4xx_hal_can.o(i.HAL_CAN_SleepCallback)
    HAL_CAN_Start                            0x080012b9   Thumb Code    88  stm32f4xx_hal_can.o(i.HAL_CAN_Start)
    HAL_CAN_TxMailbox0AbortCallback          0x08001311   Thumb Code     2  stm32f4xx_hal_can.o(i.HAL_CAN_TxMailbox0AbortCallback)
    HAL_CAN_TxMailbox0CompleteCallback       0x08001313   Thumb Code     2  main.o(i.HAL_CAN_TxMailbox0CompleteCallback)
    HAL_CAN_TxMailbox1AbortCallback          0x08001315   Thumb Code     2  stm32f4xx_hal_can.o(i.HAL_CAN_TxMailbox1AbortCallback)
    HAL_CAN_TxMailbox1CompleteCallback       0x08001317   Thumb Code     2  stm32f4xx_hal_can.o(i.HAL_CAN_TxMailbox1CompleteCallback)
    HAL_CAN_TxMailbox2AbortCallback          0x08001319   Thumb Code     2  stm32f4xx_hal_can.o(i.HAL_CAN_TxMailbox2AbortCallback)
    HAL_CAN_TxMailbox2CompleteCallback       0x0800131b   Thumb Code     2  stm32f4xx_hal_can.o(i.HAL_CAN_TxMailbox2CompleteCallback)
    HAL_CAN_WakeUpFromRxMsgCallback          0x0800131d   Thumb Code     2  stm32f4xx_hal_can.o(i.HAL_CAN_WakeUpFromRxMsgCallback)
    HAL_DMA_Abort                            0x0800131f   Thumb Code   142  stm32f4xx_hal_dma.o(i.HAL_DMA_Abort)
    HAL_DMA_Abort_IT                         0x080013ad   Thumb Code    36  stm32f4xx_hal_dma.o(i.HAL_DMA_Abort_IT)
    HAL_DMA_IRQHandler                       0x080013d1   Thumb Code   412  stm32f4xx_hal_dma.o(i.HAL_DMA_IRQHandler)
    HAL_DMA_Init                             0x08001571   Thumb Code   206  stm32f4xx_hal_dma.o(i.HAL_DMA_Init)
    HAL_DMA_Start                            0x08001645   Thumb Code    70  stm32f4xx_hal_dma.o(i.HAL_DMA_Start)
    HAL_DMA_Start_IT                         0x0800168b   Thumb Code   120  stm32f4xx_hal_dma.o(i.HAL_DMA_Start_IT)
    HAL_Delay                                0x08001705   Thumb Code    32  stm32f4xx_hal.o(i.HAL_Delay)
    HAL_GPIO_Init                            0x08001729   Thumb Code   408  stm32f4xx_hal_gpio.o(i.HAL_GPIO_Init)
    HAL_GPIO_TogglePin                       0x080018f5   Thumb Code     8  stm32f4xx_hal_gpio.o(i.HAL_GPIO_TogglePin)
    HAL_GPIO_WritePin                        0x080018fd   Thumb Code    10  stm32f4xx_hal_gpio.o(i.HAL_GPIO_WritePin)
    HAL_GetTick                              0x08001909   Thumb Code     6  stm32f4xx_hal.o(i.HAL_GetTick)
    HAL_IncTick                              0x08001915   Thumb Code    12  stm32f4xx_hal.o(i.HAL_IncTick)
    HAL_Init                                 0x08001925   Thumb Code    48  stm32f4xx_hal.o(i.HAL_Init)
    HAL_InitTick                             0x08001959   Thumb Code    54  stm32f4xx_hal.o(i.HAL_InitTick)
    HAL_MspInit                              0x08001999   Thumb Code   126  stm32f4xx_hal_msp.o(i.HAL_MspInit)
    HAL_NVIC_EnableIRQ                       0x08001a1d   Thumb Code    22  stm32f4xx_hal_cortex.o(i.HAL_NVIC_EnableIRQ)
    HAL_NVIC_SetPriority                     0x08001a35   Thumb Code    60  stm32f4xx_hal_cortex.o(i.HAL_NVIC_SetPriority)
    HAL_NVIC_SetPriorityGrouping             0x08001a75   Thumb Code    26  stm32f4xx_hal_cortex.o(i.HAL_NVIC_SetPriorityGrouping)
    HAL_RCC_ClockConfig                      0x08001a99   Thumb Code   286  stm32f4xx_hal_rcc.o(i.HAL_RCC_ClockConfig)
    HAL_RCC_GetHCLKFreq                      0x08001bc9   Thumb Code     6  stm32f4xx_hal_rcc.o(i.HAL_RCC_GetHCLKFreq)
    HAL_RCC_GetPCLK1Freq                     0x08001bd5   Thumb Code    20  stm32f4xx_hal_rcc.o(i.HAL_RCC_GetPCLK1Freq)
    HAL_RCC_GetPCLK2Freq                     0x08001bf5   Thumb Code    20  stm32f4xx_hal_rcc.o(i.HAL_RCC_GetPCLK2Freq)
    HAL_RCC_GetSysClockFreq                  0x08001c15   Thumb Code    88  stm32f4xx_hal_rcc.o(i.HAL_RCC_GetSysClockFreq)
    HAL_RCC_OscConfig                        0x08001c79   Thumb Code   770  stm32f4xx_hal_rcc.o(i.HAL_RCC_OscConfig)
    HAL_SPI_Init                             0x08001f95   Thumb Code   128  stm32f4xx_hal_spi.o(i.HAL_SPI_Init)
    HAL_SPI_MspInit                          0x08002015   Thumb Code    64  stm32f4xx_hal_msp.o(i.HAL_SPI_MspInit)
    HAL_SPI_TransmitReceive                  0x08002061   Thumb Code   472  stm32f4xx_hal_spi.o(i.HAL_SPI_TransmitReceive)
    HAL_SYSTICK_CLKSourceConfig              0x08002239   Thumb Code    24  stm32f4xx_hal_cortex.o(i.HAL_SYSTICK_CLKSourceConfig)
    HAL_SYSTICK_Callback                     0x08002251   Thumb Code     2  stm32f4xx_hal_cortex.o(i.HAL_SYSTICK_Callback)
    HAL_SYSTICK_Config                       0x08002253   Thumb Code    40  stm32f4xx_hal_cortex.o(i.HAL_SYSTICK_Config)
    HAL_SYSTICK_IRQHandler                   0x0800227b   Thumb Code     8  stm32f4xx_hal_cortex.o(i.HAL_SYSTICK_IRQHandler)
    HAL_TIMEx_BreakCallback                  0x08002283   Thumb Code     2  stm32f4xx_hal_tim_ex.o(i.HAL_TIMEx_BreakCallback)
    HAL_TIMEx_CommutationCallback            0x08002285   Thumb Code     2  stm32f4xx_hal_tim_ex.o(i.HAL_TIMEx_CommutationCallback)
    HAL_TIMEx_MasterConfigSynchronization    0x08002287   Thumb Code    80  stm32f4xx_hal_tim_ex.o(i.HAL_TIMEx_MasterConfigSynchronization)
    HAL_TIM_Base_Init                        0x080022d7   Thumb Code    54  stm32f4xx_hal_tim.o(i.HAL_TIM_Base_Init)
    HAL_TIM_Base_MspInit                     0x0800230d   Thumb Code    52  stm32f4xx_hal_msp.o(i.HAL_TIM_Base_MspInit)
    HAL_TIM_Base_Start_IT                    0x08002349   Thumb Code    24  stm32f4xx_hal_tim.o(i.HAL_TIM_Base_Start_IT)
    HAL_TIM_ConfigClockSource                0x08002361   Thumb Code   242  stm32f4xx_hal_tim.o(i.HAL_TIM_ConfigClockSource)
    HAL_TIM_IC_CaptureCallback               0x08002453   Thumb Code     2  stm32f4xx_hal_tim.o(i.HAL_TIM_IC_CaptureCallback)
    HAL_TIM_IRQHandler                       0x08002455   Thumb Code   358  stm32f4xx_hal_tim.o(i.HAL_TIM_IRQHandler)
    HAL_TIM_OC_DelayElapsedCallback          0x080025bb   Thumb Code     2  stm32f4xx_hal_tim.o(i.HAL_TIM_OC_DelayElapsedCallback)
    HAL_TIM_PWM_PulseFinishedCallback        0x080025bd   Thumb Code     2  stm32f4xx_hal_tim.o(i.HAL_TIM_PWM_PulseFinishedCallback)
    HAL_TIM_PeriodElapsedCallback            0x080025c1   Thumb Code    38  stm32f4xx_it.o(i.HAL_TIM_PeriodElapsedCallback)
    HAL_TIM_TriggerCallback                  0x080025f1   Thumb Code     2  stm32f4xx_hal_tim.o(i.HAL_TIM_TriggerCallback)
    HAL_UART_AbortReceive                    0x080025f3   Thumb Code    68  stm32f4xx_hal_uart.o(i.HAL_UART_AbortReceive)
    HAL_UART_ErrorCallback                   0x08002637   Thumb Code     2  stm32f4xx_hal_uart.o(i.HAL_UART_ErrorCallback)
    HAL_UART_IRQHandler                      0x08002639   Thumb Code   266  stm32f4xx_hal_uart.o(i.HAL_UART_IRQHandler)
    HAL_UART_Init                            0x08002749   Thumb Code    98  stm32f4xx_hal_uart.o(i.HAL_UART_Init)
    HAL_UART_MspInit                         0x080027ad   Thumb Code   238  stm32f4xx_hal_msp.o(i.HAL_UART_MspInit)
    HAL_UART_Receive_DMA                     0x080028d9   Thumb Code   138  stm32f4xx_hal_uart.o(i.HAL_UART_Receive_DMA)
    HAL_UART_RxCpltCallback                  0x08002971   Thumb Code     2  stm32f4xx_hal_uart.o(i.HAL_UART_RxCpltCallback)
    HAL_UART_RxHalfCpltCallback              0x08002973   Thumb Code     2  stm32f4xx_hal_uart.o(i.HAL_UART_RxHalfCpltCallback)
    HAL_UART_Transmit_DMA                    0x08002975   Thumb Code   114  stm32f4xx_hal_uart.o(i.HAL_UART_Transmit_DMA)
    HAL_UART_TxCpltCallback                  0x080029f5   Thumb Code     2  stm32f4xx_hal_uart.o(i.HAL_UART_TxCpltCallback)
    HAL_UART_TxHalfCpltCallback              0x080029f7   Thumb Code     2  stm32f4xx_hal_uart.o(i.HAL_UART_TxHalfCpltCallback)
    HardFault_Handler                        0x080029f9   Thumb Code     2  stm32f4xx_it.o(i.HardFault_Handler)
    Mainifold_Res_Task                       0x08002b69   Thumb Code   354  minipc.o(i.Mainifold_Res_Task)
    MemManage_Handler                        0x08002ce9   Thumb Code     2  stm32f4xx_it.o(i.MemManage_Handler)
    Motor_CAN_Receive                        0x08002dd1   Thumb Code    64  q6623.o(i.Motor_CAN_Receive)
    Motor_Init                               0x08002e1d   Thumb Code    24  q6623.o(i.Motor_Init)
    NMI_Handler                              0x08002e41   Thumb Code     2  stm32f4xx_it.o(i.NMI_Handler)
    PID_Calc                                 0x08002e63   Thumb Code   148  pid.o(i.PID_Calc)
    PID_Reset                                0x08002ef9   Thumb Code    50  pid.o(i.PID_Reset)
    PID_Task                                 0x08002f35   Thumb Code    18  pid.o(i.PID_Task)
    PendSV_Handler                           0x08002f47   Thumb Code     2  stm32f4xx_it.o(i.PendSV_Handler)
    Ref_UpdataFromRCStick                    0x08002f49   Thumb Code   172  gimbal_task.o(i.Ref_UpdataFromRCStick)
    SVC_Handler                              0x080030c3   Thumb Code     2  stm32f4xx_it.o(i.SVC_Handler)
    Send_MiniPC                              0x080030c5   Thumb Code   166  minipc.o(i.Send_MiniPC)
    SetGimbalMotorOutput                     0x08003189   Thumb Code    24  gimbal.o(i.SetGimbalMotorOutput)
    SysTick_Handler                          0x080031a5   Thumb Code    14  stm32f4xx_it.o(i.SysTick_Handler)
    SystemClock_Config                       0x080031b5   Thumb Code   152  main.o(i.SystemClock_Config)
    SystemInit                               0x08003255   Thumb Code    66  system_stm32f4xx.o(i.SystemInit)
    TIM6_DAC_IRQHandler                      0x080032a9   Thumb Code     6  stm32f4xx_it.o(i.TIM6_DAC_IRQHandler)
    TIM_Base_SetConfig                       0x080032b5   Thumb Code   148  stm32f4xx_hal_tim.o(i.TIM_Base_SetConfig)
    USART1_IRQHandler                        0x08003881   Thumb Code    18  stm32f4xx_it.o(i.USART1_IRQHandler)
    USART6_IRQHandler                        0x08003899   Thumb Code    80  stm32f4xx_it.o(i.USART6_IRQHandler)
    UsageFault_Handler                       0x080038f9   Thumb Code     2  stm32f4xx_it.o(i.UsageFault_Handler)
    _Error_Handler                           0x080038fb   Thumb Code     2  main.o(i._Error_Handler)
    __ARM_fpclassify                         0x080038fd   Thumb Code    48  fpclassify.o(i.__ARM_fpclassify)
    __hardfp_asin                            0x08003931   Thumb Code   770  asin.o(i.__hardfp_asin)
    __hardfp_atan                            0x08003c91   Thumb Code   622  atan.o(i.__hardfp_atan)
    __hardfp_atan2                           0x08003f69   Thumb Code   432  atan2.o(i.__hardfp_atan2)
    __hardfp_fabs                            0x08004159   Thumb Code    20  fabs.o(i.__hardfp_fabs)
    __hardfp_sqrt                            0x0800416d   Thumb Code   122  sqrt.o(i.__hardfp_sqrt)
    __kernel_poly                            0x080041e7   Thumb Code   248  poly.o(i.__kernel_poly)
    __mathlib_dbl_infnan                     0x080042df   Thumb Code    20  dunder.o(i.__mathlib_dbl_infnan)
    __mathlib_dbl_infnan2                    0x080042f3   Thumb Code    20  dunder.o(i.__mathlib_dbl_infnan2)
    __mathlib_dbl_invalid                    0x08004309   Thumb Code    24  dunder.o(i.__mathlib_dbl_invalid)
    __mathlib_dbl_underflow                  0x08004329   Thumb Code    24  dunder.o(i.__mathlib_dbl_underflow)
    __scatterload_copy                       0x08004349   Thumb Code    14  handlers.o(i.__scatterload_copy)
    __scatterload_null                       0x08004357   Thumb Code     2  handlers.o(i.__scatterload_null)
    __scatterload_zeroinit                   0x08004359   Thumb Code    14  handlers.o(i.__scatterload_zeroinit)
    __set_errno                              0x08004369   Thumb Code     6  errno.o(i.__set_errno)
    atan                                     0x08004375   Thumb Code    16  atan.o(i.atan)
    bufferPop                                0x08004385   Thumb Code    46  bsp_data.o(i.bufferPop)
    bufferPush                               0x080043b3   Thumb Code    50  bsp_data.o(i.bufferPush)
    buffer_multiPop                          0x080043e5   Thumb Code    38  bsp_data.o(i.buffer_multiPop)
    bufferlen                                0x0800440b   Thumb Code    16  bsp_data.o(i.bufferlen)
    dbus_uart_init                           0x0800441d   Thumb Code    64  bsp_uart.o(i.dbus_uart_init)
    fabs                                     0x08004465   Thumb Code    24  fabs.o(i.fabs)
    get_pitchyaw                             0x0800447d   Thumb Code   194  imu.o(i.get_pitchyaw)
    gimbal_send                              0x08004555   Thumb Code    38  q6623.o(i.gimbal_send)
    imu_ahrs_update                          0x0800457d   Thumb Code  1194  imu.o(i.imu_ahrs_update)
    imu_attitude_update                      0x08004a29   Thumb Code   346  imu.o(i.imu_attitude_update)
    imu_run                                  0x08004b9d   Thumb Code    18  imu.o(i.imu_run)
    init_quaternion                          0x08004bb1   Thumb Code   360  imu.o(i.init_quaternion)
    inv_sqrt                                 0x08004d7d   Thumb Code    40  imu.o(i.inv_sqrt)
    ist8310_get_data                         0x08004da9   Thumb Code    10  imu.o(i.ist8310_get_data)
    ist8310_init                             0x08004db3   Thumb Code   256  imu.o(i.ist8310_init)
    main                                     0x08004f2d   Thumb Code   384  main.o(i.main)
    mpu_device_init                          0x080050d9   Thumb Code    90  imu.o(i.mpu_device_init)
    mpu_get_data                             0x0800513d   Thumb Code   234  imu.o(i.mpu_get_data)
    mpu_offset_call                          0x080052cd   Thumb Code   160  imu.o(i.mpu_offset_call)
    mpu_read_byte                            0x08005371   Thumb Code    68  imu.o(i.mpu_read_byte)
    mpu_read_bytes                           0x080053c1   Thumb Code    80  imu.o(i.mpu_read_bytes)
    mpu_set_accel_fsr                        0x0800541d   Thumb Code    10  imu.o(i.mpu_set_accel_fsr)
    mpu_set_gyro_fsr                         0x08005427   Thumb Code    10  imu.o(i.mpu_set_gyro_fsr)
    mpu_write_byte                           0x08005431   Thumb Code    72  imu.o(i.mpu_write_byte)
    rc_callback_handler                      0x08005485   Thumb Code   146  bsp_uart.o(i.rc_callback_handler)
    sqrt                                     0x08005517   Thumb Code   110  sqrt.o(i.sqrt)
    uart_receive_handler                     0x08005585   Thumb Code    86  bsp_uart.o(i.uart_receive_handler)
    AHBPrescTable                            0x08005600   Data          16  system_stm32f4xx.o(.constdata)
    APBPrescTable                            0x08005610   Data           8  system_stm32f4xx.o(.constdata)
    __mathlib_zero                           0x08005700   Data           8  qnan.o(.constdata)
    Region$$Table$$Base                      0x08005708   Number         0  anon$$obj.o(Region$$Table)
    Region$$Table$$Limit                     0x08005728   Number         0  anon$$obj.o(Region$$Table)
    buf                                      0x20000000   Data           8  can.o(.data)
    pitch_speed                              0x20000008   Data           4  q6623.o(.data)
    yaw_speed                                0x2000000c   Data           4  q6623.o(.data)
    pitch_speedlast                          0x20000010   Data           4  q6623.o(.data)
    yaw_speedlast                            0x20000014   Data           4  q6623.o(.data)
    pitch                                    0x20000018   Data           8  q6623.o(.data)
    yaw                                      0x20000020   Data           8  q6623.o(.data)
    yaw_temp                                 0x2000002a   Data           1  imu.o(.data)
    last_yaw_temp                            0x2000002b   Data           1  imu.o(.data)
    id                                       0x2000002c   Data           1  imu.o(.data)
    q0                                       0x20000030   Data           4  imu.o(.data)
    q1                                       0x20000034   Data           4  imu.o(.data)
    q2                                       0x20000038   Data           4  imu.o(.data)
    q3                                       0x2000003c   Data           4  imu.o(.data)
    exInt                                    0x20000048   Data           4  imu.o(.data)
    eyInt                                    0x2000004c   Data           4  imu.o(.data)
    ezInt                                    0x20000050   Data           4  imu.o(.data)
    last_update                              0x20000078   Data           4  imu.o(.data)
    now_update                               0x2000007c   Data           4  imu.o(.data)
    yaw_angle                                0x20000080   Data           4  imu.o(.data)
    ist_buff                                 0x20000084   Data           6  imu.o(.data)
    GimbalRef                                0x20000098   Data           8  gimbal.o(.data)
    GMPPositionPID                           0x200000a0   Data          84  gimbal.o(.data)
    GMPSpeedPID                              0x200000f4   Data          84  gimbal.o(.data)
    GMYPositionPID                           0x20000148   Data          84  gimbal.o(.data)
    GMYSpeedPID                              0x2000019c   Data          84  gimbal.o(.data)
    Yaw_Send                                 0x200001f2   Data           2  minipc.o(.data)
    Pitch_Send                               0x200001f4   Data           2  minipc.o(.data)
    gimbal_time                              0x20000204   Data           2  stm32f4xx_it.o(.data)
    minipc_time                              0x20000206   Data           2  stm32f4xx_it.o(.data)
    FrameCounter                             0x20000208   Data           4  stm32f4xx_it.o(.data)
    uwTickFreq                               0x2000020c   Data           1  stm32f4xx_hal.o(.data)
    uwTickPrio                               0x20000210   Data           4  stm32f4xx_hal.o(.data)
    uwTick                                   0x20000214   Data           4  stm32f4xx_hal.o(.data)
    SystemCoreClock                          0x20000218   Data           4  system_stm32f4xx.o(.data)
    RxMsg                                    0x20000220   Data          28  can.o(.bss)
    TxMsg                                    0x2000023c   Data          24  can.o(.bss)
    yaw_counter                              0x20000254   Data          12  q6623.o(.bss)
    pitch_counter                            0x20000260   Data          12  q6623.o(.bss)
    pitch_last                               0x2000026c   Data          12  q6623.o(.bss)
    yaw_last                                 0x20000278   Data          12  q6623.o(.bss)
    GMYawEncoder                             0x20000284   Data          52  q6623.o(.bss)
    GMPitchEncoder                           0x200002b8   Data          52  q6623.o(.bss)
    dbus_buf                                 0x200002ec   Data          18  bsp_uart.o(.bss)
    rc                                       0x200002fe   Data          10  bsp_uart.o(.bss)
    tX                                       0x20000308   Data          12  pid.o(.bss)
    tY                                       0x20000314   Data          12  pid.o(.bss)
    imu                                      0x20000320   Data          52  imu.o(.bss)
    mpu_buff                                 0x20000354   Data          14  imu.o(.bss)
    mpu_data                                 0x20000362   Data          32  imu.o(.bss)
    MPU6050_Real_Data                        0x20000384   Data          40  imu.o(.bss)
    MiniPC_Data                              0x200003ac   Data         132  minipc.o(.bss)
    Que_Mainifold                            0x20000430   Data         504  minipc.o(.bss)
    Que_MiniPC_Tx                            0x20000628   Data         504  minipc.o(.bss)
    hcan1                                    0x20000908   Data          40  main.o(.bss)
    hspi5                                    0x20000930   Data          88  main.o(.bss)
    htim2                                    0x20000988   Data          60  main.o(.bss)
    htim6                                    0x200009c4   Data          60  main.o(.bss)
    huart1                                   0x20000a00   Data          64  main.o(.bss)
    huart6                                   0x20000a40   Data          64  main.o(.bss)
    hdma_usart1_rx                           0x20000a80   Data          96  main.o(.bss)
    hdma_usart6_rx                           0x20000ae0   Data          96  main.o(.bss)
    UART6_RXBUFF                             0x20000b40   Data          80  stm32f4xx_it.o(.bss)
    __initial_sp                             0x20000f90   Data           0  startup_stm32f427xx.o(STACK)



==============================================================================

Memory Map of the image

  Image Entry point : 0x080001ad

  Load Region LR_IROM1 (Base: 0x08000000, Size: 0x00005948, Max: 0x00200000, ABSOLUTE, COMPRESSED[0x0000577c])

    Execution Region ER_IROM1 (Base: 0x08000000, Size: 0x00005728, Max: 0x00200000, ABSOLUTE)

    Base Addr    Size         Type   Attr      Idx    E Section Name        Object

    0x08000000   0x000001ac   Data   RO            3    RESET               startup_stm32f427xx.o
    0x080001ac   0x00000000   Code   RO         4069  * .ARM.Collect$$$$00000000  mc_w.l(entry.o)
    0x080001ac   0x00000004   Code   RO         4127    .ARM.Collect$$$$00000001  mc_w.l(entry2.o)
    0x080001b0   0x00000004   Code   RO         4130    .ARM.Collect$$$$00000004  mc_w.l(entry5.o)
    0x080001b4   0x00000000   Code   RO         4132    .ARM.Collect$$$$00000008  mc_w.l(entry7b.o)
    0x080001b4   0x00000000   Code   RO         4134    .ARM.Collect$$$$0000000A  mc_w.l(entry8b.o)
    0x080001b4   0x00000008   Code   RO         4135    .ARM.Collect$$$$0000000B  mc_w.l(entry9a.o)
    0x080001bc   0x00000000   Code   RO         4137    .ARM.Collect$$$$0000000D  mc_w.l(entry10a.o)
    0x080001bc   0x00000000   Code   RO         4139    .ARM.Collect$$$$0000000F  mc_w.l(entry11a.o)
    0x080001bc   0x00000004   Code   RO         4128    .ARM.Collect$$$$00002712  mc_w.l(entry2.o)
    0x080001c0   0x00000024   Code   RO            4    .text               startup_stm32f427xx.o
    0x080001e4   0x00000062   Code   RO         4072    .text               mc_w.l(uldiv.o)
    0x08000246   0x00000024   Code   RO         4074    .text               mc_w.l(memcpya.o)
    0x0800026a   0x00000024   Code   RO         4076    .text               mc_w.l(memseta.o)
    0x0800028e   0x0000014e   Code   RO         4080    .text               mf_w.l(dadd.o)
    0x080003dc   0x000000e4   Code   RO         4082    .text               mf_w.l(dmul.o)
    0x080004c0   0x000000de   Code   RO         4084    .text               mf_w.l(ddiv.o)
    0x0800059e   0x00000022   Code   RO         4086    .text               mf_w.l(dflti.o)
    0x080005c0   0x00000026   Code   RO         4088    .text               mf_w.l(f2d.o)
    0x080005e6   0x00000002   PAD
    0x080005e8   0x00000030   Code   RO         4090    .text               mf_w.l(cdrcmple.o)
    0x08000618   0x00000038   Code   RO         4092    .text               mf_w.l(d2f.o)
    0x08000650   0x0000001e   Code   RO         4141    .text               mc_w.l(llshl.o)
    0x0800066e   0x00000020   Code   RO         4143    .text               mc_w.l(llushr.o)
    0x0800068e   0x00000024   Code   RO         4145    .text               mc_w.l(llsshr.o)
    0x080006b2   0x00000000   Code   RO         4154    .text               mc_w.l(iusefp.o)
    0x080006b2   0x0000006e   Code   RO         4155    .text               mf_w.l(fepilogue.o)
    0x08000720   0x000000ba   Code   RO         4157    .text               mf_w.l(depilogue.o)
    0x080007da   0x000000a2   Code   RO         4163    .text               mf_w.l(dsqrt.o)
    0x0800087c   0x00000024   Code   RO         4167    .text               mc_w.l(init.o)
    0x080008a0   0x00000056   Code   RO         4177    .text               mc_w.l(__dczerorl2.o)
    0x080008f6   0x00000002   PAD
    0x080008f8   0x0000003c   Code   RO          645    i.Angle_Process     angle.o
    0x08000934   0x00000002   Code   RO          901    i.BusFault_Handler  stm32f4xx_it.o
    0x08000936   0x00000002   PAD
    0x08000938   0x0000000c   Code   RO          902    i.CAN1_RX0_IRQHandler  stm32f4xx_it.o
    0x08000944   0x0000000c   Code   RO          903    i.CAN1_TX_IRQHandler  stm32f4xx_it.o
    0x08000950   0x00000024   Code   RO           13    i.CAN_Receive_Msg   can.o
    0x08000974   0x0000002c   Code   RO           14    i.CAN_Send_Msg      can.o
    0x080009a0   0x0000000c   Code   RO          904    i.DMA2_Stream1_IRQHandler  stm32f4xx_it.o
    0x080009ac   0x0000000c   Code   RO          905    i.DMA2_Stream2_IRQHandler  stm32f4xx_it.o
    0x080009b8   0x00000028   Code   RO         3360    i.DMA_CalcBaseAndBitshift  stm32f4xx_hal_dma.o
    0x080009e0   0x00000054   Code   RO         3361    i.DMA_CheckFifoParam  stm32f4xx_hal_dma.o
    0x08000a34   0x00000028   Code   RO         3362    i.DMA_SetConfig     stm32f4xx_hal_dma.o
    0x08000a5c   0x00000002   Code   RO          906    i.DebugMon_Handler  stm32f4xx_it.o
    0x08000a5e   0x00000002   PAD
    0x08000a60   0x0000009c   Code   RO          151    i.EncoderProcess    q6623.o
    0x08000afc   0x00000044   Code   RO          785    i.FilerConf         main.o
    0x08000b40   0x0000008c   Code   RO          537    i.GMCalLoop         gimbal.o
    0x08000bcc   0x00000010   Code   RO          152    i.GetEncoderBias    q6623.o
    0x08000bdc   0x00000008   Code   RO          381    i.Get_Time_Micros   imu.o
    0x08000be4   0x0000001c   Code   RO          538    i.Gimbal_PitchAngleSet  gimbal.o
    0x08000c00   0x0000003c   Code   RO          539    i.Gimbal_YawAngleSet  gimbal.o
    0x08000c3c   0x000000c8   Code   RO         1104    i.HAL_CAN_AddTxMessage  stm32f4xx_hal_can.o
    0x08000d04   0x0000010c   Code   RO         1105    i.HAL_CAN_ConfigFilter  stm32f4xx_hal_can.o
    0x08000e10   0x0000000c   Code   RO          786    i.HAL_CAN_ErrorCallback  main.o
    0x08000e1c   0x000000fa   Code   RO         1111    i.HAL_CAN_GetRxMessage  stm32f4xx_hal_can.o
    0x08000f16   0x000001fc   Code   RO         1115    i.HAL_CAN_IRQHandler  stm32f4xx_hal_can.o
    0x08001112   0x0000011a   Code   RO         1116    i.HAL_CAN_Init      stm32f4xx_hal_can.o
    0x0800122c   0x00000048   Code   RO         1030    i.HAL_CAN_MspInit   stm32f4xx_hal_msp.o
    0x08001274   0x00000002   Code   RO         1123    i.HAL_CAN_RxFifo0FullCallback  stm32f4xx_hal_can.o
    0x08001276   0x00000002   PAD
    0x08001278   0x00000038   Code   RO          153    i.HAL_CAN_RxFifo0MsgPendingCallback  q6623.o
    0x080012b0   0x00000002   Code   RO         1125    i.HAL_CAN_RxFifo1FullCallback  stm32f4xx_hal_can.o
    0x080012b2   0x00000002   Code   RO         1126    i.HAL_CAN_RxFifo1MsgPendingCallback  stm32f4xx_hal_can.o
    0x080012b4   0x00000002   Code   RO         1127    i.HAL_CAN_SleepCallback  stm32f4xx_hal_can.o
    0x080012b6   0x00000002   PAD
    0x080012b8   0x00000058   Code   RO         1128    i.HAL_CAN_Start     stm32f4xx_hal_can.o
    0x08001310   0x00000002   Code   RO         1130    i.HAL_CAN_TxMailbox0AbortCallback  stm32f4xx_hal_can.o
    0x08001312   0x00000002   Code   RO          787    i.HAL_CAN_TxMailbox0CompleteCallback  main.o
    0x08001314   0x00000002   Code   RO         1132    i.HAL_CAN_TxMailbox1AbortCallback  stm32f4xx_hal_can.o
    0x08001316   0x00000002   Code   RO         1133    i.HAL_CAN_TxMailbox1CompleteCallback  stm32f4xx_hal_can.o
    0x08001318   0x00000002   Code   RO         1134    i.HAL_CAN_TxMailbox2AbortCallback  stm32f4xx_hal_can.o
    0x0800131a   0x00000002   Code   RO         1135    i.HAL_CAN_TxMailbox2CompleteCallback  stm32f4xx_hal_can.o
    0x0800131c   0x00000002   Code   RO         1137    i.HAL_CAN_WakeUpFromRxMsgCallback  stm32f4xx_hal_can.o
    0x0800131e   0x0000008e   Code   RO         3363    i.HAL_DMA_Abort     stm32f4xx_hal_dma.o
    0x080013ac   0x00000024   Code   RO         3364    i.HAL_DMA_Abort_IT  stm32f4xx_hal_dma.o
    0x080013d0   0x000001a0   Code   RO         3368    i.HAL_DMA_IRQHandler  stm32f4xx_hal_dma.o
    0x08001570   0x000000d4   Code   RO         3369    i.HAL_DMA_Init      stm32f4xx_hal_dma.o
    0x08001644   0x00000046   Code   RO         3372    i.HAL_DMA_Start     stm32f4xx_hal_dma.o
    0x0800168a   0x00000078   Code   RO         3373    i.HAL_DMA_Start_IT  stm32f4xx_hal_dma.o
    0x08001702   0x00000002   PAD
    0x08001704   0x00000024   Code   RO         3800    i.HAL_Delay         stm32f4xx_hal.o
    0x08001728   0x000001cc   Code   RO         3256    i.HAL_GPIO_Init     stm32f4xx_hal_gpio.o
    0x080018f4   0x00000008   Code   RO         3259    i.HAL_GPIO_TogglePin  stm32f4xx_hal_gpio.o
    0x080018fc   0x0000000a   Code   RO         3260    i.HAL_GPIO_WritePin  stm32f4xx_hal_gpio.o
    0x08001906   0x00000002   PAD
    0x08001908   0x0000000c   Code   RO         3808    i.HAL_GetTick       stm32f4xx_hal.o
    0x08001914   0x00000010   Code   RO         3812    i.HAL_IncTick       stm32f4xx_hal.o
    0x08001924   0x00000034   Code   RO         3813    i.HAL_Init          stm32f4xx_hal.o
    0x08001958   0x00000040   Code   RO         3814    i.HAL_InitTick      stm32f4xx_hal.o
    0x08001998   0x00000084   Code   RO         1031    i.HAL_MspInit       stm32f4xx_hal_msp.o
    0x08001a1c   0x00000016   Code   RO         3663    i.HAL_NVIC_EnableIRQ  stm32f4xx_hal_cortex.o
    0x08001a32   0x00000002   PAD
    0x08001a34   0x00000040   Code   RO         3669    i.HAL_NVIC_SetPriority  stm32f4xx_hal_cortex.o
    0x08001a74   0x00000024   Code   RO         3670    i.HAL_NVIC_SetPriorityGrouping  stm32f4xx_hal_cortex.o
    0x08001a98   0x00000130   Code   RO         2850    i.HAL_RCC_ClockConfig  stm32f4xx_hal_rcc.o
    0x08001bc8   0x0000000c   Code   RO         2855    i.HAL_RCC_GetHCLKFreq  stm32f4xx_hal_rcc.o
    0x08001bd4   0x00000020   Code   RO         2857    i.HAL_RCC_GetPCLK1Freq  stm32f4xx_hal_rcc.o
    0x08001bf4   0x00000020   Code   RO         2858    i.HAL_RCC_GetPCLK2Freq  stm32f4xx_hal_rcc.o
    0x08001c14   0x00000064   Code   RO         2859    i.HAL_RCC_GetSysClockFreq  stm32f4xx_hal_rcc.o
    0x08001c78   0x0000031c   Code   RO         2862    i.HAL_RCC_OscConfig  stm32f4xx_hal_rcc.o
    0x08001f94   0x00000080   Code   RO         1347    i.HAL_SPI_Init      stm32f4xx_hal_spi.o
    0x08002014   0x0000004c   Code   RO         1033    i.HAL_SPI_MspInit   stm32f4xx_hal_msp.o
    0x08002060   0x000001d8   Code   RO         1356    i.HAL_SPI_TransmitReceive  stm32f4xx_hal_spi.o
    0x08002238   0x00000018   Code   RO         3672    i.HAL_SYSTICK_CLKSourceConfig  stm32f4xx_hal_cortex.o
    0x08002250   0x00000002   Code   RO         3673    i.HAL_SYSTICK_Callback  stm32f4xx_hal_cortex.o
    0x08002252   0x00000028   Code   RO         3674    i.HAL_SYSTICK_Config  stm32f4xx_hal_cortex.o
    0x0800227a   0x00000008   Code   RO         3675    i.HAL_SYSTICK_IRQHandler  stm32f4xx_hal_cortex.o
    0x08002282   0x00000002   Code   RO         2284    i.HAL_TIMEx_BreakCallback  stm32f4xx_hal_tim_ex.o
    0x08002284   0x00000002   Code   RO         2285    i.HAL_TIMEx_CommutationCallback  stm32f4xx_hal_tim_ex.o
    0x08002286   0x00000050   Code   RO         2301    i.HAL_TIMEx_MasterConfigSynchronization  stm32f4xx_hal_tim_ex.o
    0x080022d6   0x00000036   Code   RO         1655    i.HAL_TIM_Base_Init  stm32f4xx_hal_tim.o
    0x0800230c   0x0000003c   Code   RO         1035    i.HAL_TIM_Base_MspInit  stm32f4xx_hal_msp.o
    0x08002348   0x00000018   Code   RO         1660    i.HAL_TIM_Base_Start_IT  stm32f4xx_hal_tim.o
    0x08002360   0x000000f2   Code   RO         1664    i.HAL_TIM_ConfigClockSource  stm32f4xx_hal_tim.o
    0x08002452   0x00000002   Code   RO         1684    i.HAL_TIM_IC_CaptureCallback  stm32f4xx_hal_tim.o
    0x08002454   0x00000166   Code   RO         1697    i.HAL_TIM_IRQHandler  stm32f4xx_hal_tim.o
    0x080025ba   0x00000002   Code   RO         1700    i.HAL_TIM_OC_DelayElapsedCallback  stm32f4xx_hal_tim.o
    0x080025bc   0x00000002   Code   RO         1727    i.HAL_TIM_PWM_PulseFinishedCallback  stm32f4xx_hal_tim.o
    0x080025be   0x00000002   PAD
    0x080025c0   0x00000030   Code   RO          907    i.HAL_TIM_PeriodElapsedCallback  stm32f4xx_it.o
    0x080025f0   0x00000002   Code   RO         1738    i.HAL_TIM_TriggerCallback  stm32f4xx_hal_tim.o
    0x080025f2   0x00000044   Code   RO         2533    i.HAL_UART_AbortReceive  stm32f4xx_hal_uart.o
    0x08002636   0x00000002   Code   RO         2544    i.HAL_UART_ErrorCallback  stm32f4xx_hal_uart.o
    0x08002638   0x00000110   Code   RO         2547    i.HAL_UART_IRQHandler  stm32f4xx_hal_uart.o
    0x08002748   0x00000062   Code   RO         2548    i.HAL_UART_Init     stm32f4xx_hal_uart.o
    0x080027aa   0x00000002   PAD
    0x080027ac   0x0000012c   Code   RO         1037    i.HAL_UART_MspInit  stm32f4xx_hal_msp.o
    0x080028d8   0x00000098   Code   RO         2552    i.HAL_UART_Receive_DMA  stm32f4xx_hal_uart.o
    0x08002970   0x00000002   Code   RO         2554    i.HAL_UART_RxCpltCallback  stm32f4xx_hal_uart.o
    0x08002972   0x00000002   Code   RO         2555    i.HAL_UART_RxHalfCpltCallback  stm32f4xx_hal_uart.o
    0x08002974   0x00000080   Code   RO         2557    i.HAL_UART_Transmit_DMA  stm32f4xx_hal_uart.o
    0x080029f4   0x00000002   Code   RO         2559    i.HAL_UART_TxCpltCallback  stm32f4xx_hal_uart.o
    0x080029f6   0x00000002   Code   RO         2560    i.HAL_UART_TxHalfCpltCallback  stm32f4xx_hal_uart.o
    0x080029f8   0x00000002   Code   RO          908    i.HardFault_Handler  stm32f4xx_it.o
    0x080029fa   0x00000002   PAD
    0x080029fc   0x00000044   Code   RO          788    i.MX_CAN1_Init      main.o
    0x08002a40   0x00000098   Code   RO          789    i.MX_GPIO_Init      main.o
    0x08002ad8   0x00000040   Code   RO          790    i.MX_SPI5_Init      main.o
    0x08002b18   0x00000050   Code   RO          791    i.MX_TIM2_Init      main.o
    0x08002b68   0x00000180   Code   RO          742    i.Mainifold_Res_Task  minipc.o
    0x08002ce8   0x00000002   Code   RO          909    i.MemManage_Handler  stm32f4xx_it.o
    0x08002cea   0x00000002   PAD
    0x08002cec   0x000000e4   Code   RO          743    i.MiniPC_Smooth     minipc.o
    0x08002dd0   0x0000004c   Code   RO          154    i.Motor_CAN_Receive  q6623.o
    0x08002e1c   0x00000024   Code   RO          156    i.Motor_Init        q6623.o
    0x08002e40   0x00000002   Code   RO          910    i.NMI_Handler       stm32f4xx_it.o
    0x08002e42   0x00000020   Code   RO         3676    i.NVIC_SetPriority  stm32f4xx_hal_cortex.o
    0x08002e62   0x00000094   Code   RO          307    i.PID_Calc          pid.o
    0x08002ef6   0x00000002   PAD
    0x08002ef8   0x0000003c   Code   RO          308    i.PID_Reset         pid.o
    0x08002f34   0x00000012   Code   RO          313    i.PID_Task          pid.o
    0x08002f46   0x00000002   Code   RO          911    i.PendSV_Handler    stm32f4xx_it.o
    0x08002f48   0x000000c4   Code   RO          595    i.Ref_UpdataFromRCStick  gimbal_task.o
    0x0800300c   0x00000020   Code   RO         1371    i.SPI_CheckFlag_BSY  stm32f4xx_hal_spi.o
    0x0800302c   0x00000096   Code   RO         1389    i.SPI_WaitFlagStateUntilTimeout  stm32f4xx_hal_spi.o
    0x080030c2   0x00000002   Code   RO          912    i.SVC_Handler       stm32f4xx_it.o
    0x080030c4   0x000000c4   Code   RO          744    i.Send_MiniPC       minipc.o
    0x08003188   0x0000001c   Code   RO          540    i.SetGimbalMotorOutput  gimbal.o
    0x080031a4   0x0000000e   Code   RO          913    i.SysTick_Handler   stm32f4xx_it.o
    0x080031b2   0x00000002   PAD
    0x080031b4   0x000000a0   Code   RO          792    i.SystemClock_Config  main.o
    0x08003254   0x00000054   Code   RO         3977    i.SystemInit        system_stm32f4xx.o
    0x080032a8   0x0000000c   Code   RO          914    i.TIM6_DAC_IRQHandler  stm32f4xx_it.o
    0x080032b4   0x000000c0   Code   RO         1739    i.TIM_Base_SetConfig  stm32f4xx_hal_tim.o
    0x08003374   0x00000014   Code   RO         1746    i.TIM_ETR_SetConfig  stm32f4xx_hal_tim.o
    0x08003388   0x00000010   Code   RO         1747    i.TIM_ITRx_SetConfig  stm32f4xx_hal_tim.o
    0x08003398   0x00000022   Code   RO         1753    i.TIM_TI1_ConfigInputStage  stm32f4xx_hal_tim.o
    0x080033ba   0x00000024   Code   RO         1755    i.TIM_TI2_ConfigInputStage  stm32f4xx_hal_tim.o
    0x080033de   0x00000010   Code   RO         2561    i.UART_DMAAbortOnError  stm32f4xx_hal_uart.o
    0x080033ee   0x0000004a   Code   RO         2562    i.UART_DMAError     stm32f4xx_hal_uart.o
    0x08003438   0x0000003c   Code   RO         2563    i.UART_DMAReceiveCplt  stm32f4xx_hal_uart.o
    0x08003474   0x0000000a   Code   RO         2565    i.UART_DMARxHalfCplt  stm32f4xx_hal_uart.o
    0x0800347e   0x0000002e   Code   RO         2567    i.UART_DMATransmitCplt  stm32f4xx_hal_uart.o
    0x080034ac   0x0000000a   Code   RO         2569    i.UART_DMATxHalfCplt  stm32f4xx_hal_uart.o
    0x080034b6   0x0000001c   Code   RO         2571    i.UART_EndRxTransfer  stm32f4xx_hal_uart.o
    0x080034d2   0x00000012   Code   RO         2572    i.UART_EndTxTransfer  stm32f4xx_hal_uart.o
    0x080034e4   0x0000008c   Code   RO         2573    i.UART_Receive_IT   stm32f4xx_hal_uart.o
    0x08003570   0x000002ac   Code   RO         2574    i.UART_SetConfig    stm32f4xx_hal_uart.o
    0x0800381c   0x00000062   Code   RO         2575    i.UART_Transmit_IT  stm32f4xx_hal_uart.o
    0x0800387e   0x00000002   PAD
    0x08003880   0x00000018   Code   RO          915    i.USART1_IRQHandler  stm32f4xx_it.o
    0x08003898   0x00000060   Code   RO          916    i.USART6_IRQHandler  stm32f4xx_it.o
    0x080038f8   0x00000002   Code   RO          917    i.UsageFault_Handler  stm32f4xx_it.o
    0x080038fa   0x00000002   Code   RO          793    i._Error_Handler    main.o
    0x080038fc   0x00000030   Code   RO         4122    i.__ARM_fpclassify  m_wm.l(fpclassify.o)
    0x0800392c   0x00000004   PAD
    0x08003930   0x00000360   Code   RO         4011    i.__hardfp_asin     m_wm.l(asin.o)
    0x08003c90   0x000002d8   Code   RO         4094    i.__hardfp_atan     m_wm.l(atan.o)
    0x08003f68   0x000001f0   Code   RO         4025    i.__hardfp_atan2    m_wm.l(atan2.o)
    0x08004158   0x00000014   Code   RO         4037    i.__hardfp_fabs     m_wm.l(fabs.o)
    0x0800416c   0x0000007a   Code   RO         4057    i.__hardfp_sqrt     m_wm.l(sqrt.o)
    0x080041e6   0x000000f8   Code   RO         4124    i.__kernel_poly     m_wm.l(poly.o)
    0x080042de   0x00000014   Code   RO         4109    i.__mathlib_dbl_infnan  m_wm.l(dunder.o)
    0x080042f2   0x00000014   Code   RO         4110    i.__mathlib_dbl_infnan2  m_wm.l(dunder.o)
    0x08004306   0x00000002   PAD
    0x08004308   0x00000020   Code   RO         4111    i.__mathlib_dbl_invalid  m_wm.l(dunder.o)
    0x08004328   0x00000020   Code   RO         4114    i.__mathlib_dbl_underflow  m_wm.l(dunder.o)
    0x08004348   0x0000000e   Code   RO         4171    i.__scatterload_copy  mc_w.l(handlers.o)
    0x08004356   0x00000002   Code   RO         4172    i.__scatterload_null  mc_w.l(handlers.o)
    0x08004358   0x0000000e   Code   RO         4173    i.__scatterload_zeroinit  mc_w.l(handlers.o)
    0x08004366   0x00000002   PAD
    0x08004368   0x0000000c   Code   RO         4149    i.__set_errno       mc_w.l(errno.o)
    0x08004374   0x00000010   Code   RO         4096    i.atan              m_wm.l(atan.o)
    0x08004384   0x0000002e   Code   RO          686    i.bufferPop         bsp_data.o
    0x080043b2   0x00000032   Code   RO          687    i.bufferPush        bsp_data.o
    0x080043e4   0x00000026   Code   RO          688    i.buffer_multiPop   bsp_data.o
    0x0800440a   0x00000010   Code   RO          689    i.bufferlen         bsp_data.o
    0x0800441a   0x00000002   PAD
    0x0800441c   0x00000048   Code   RO          253    i.dbus_uart_init    bsp_uart.o
    0x08004464   0x00000018   Code   RO         4039    i.fabs              m_wm.l(fabs.o)
    0x0800447c   0x000000d8   Code   RO          382    i.get_pitchyaw      imu.o
    0x08004554   0x00000026   Code   RO          158    i.gimbal_send       q6623.o
    0x0800457a   0x00000002   PAD
    0x0800457c   0x000004aa   Code   RO          383    i.imu_ahrs_update   imu.o
    0x08004a26   0x00000002   PAD
    0x08004a28   0x00000174   Code   RO          384    i.imu_attitude_update  imu.o
    0x08004b9c   0x00000012   Code   RO          385    i.imu_run           imu.o
    0x08004bae   0x00000002   PAD
    0x08004bb0   0x000001cc   Code   RO          386    i.init_quaternion   imu.o
    0x08004d7c   0x0000002c   Code   RO          387    i.inv_sqrt          imu.o
    0x08004da8   0x0000000a   Code   RO          388    i.ist8310_get_data  imu.o
    0x08004db2   0x00000100   Code   RO          389    i.ist8310_init      imu.o
    0x08004eb2   0x00000038   Code   RO          390    i.ist_reg_read_by_mpu  imu.o
    0x08004eea   0x00000042   Code   RO          391    i.ist_reg_write_by_mpu  imu.o
    0x08004f2c   0x000001ac   Code   RO          795    i.main              main.o
    0x080050d8   0x00000064   Code   RO          392    i.mpu_device_init   imu.o
    0x0800513c   0x00000100   Code   RO          393    i.mpu_get_data      imu.o
    0x0800523c   0x0000008e   Code   RO          394    i.mpu_master_i2c_auto_read_config  imu.o
    0x080052ca   0x00000002   PAD
    0x080052cc   0x000000a4   Code   RO          395    i.mpu_offset_call   imu.o
    0x08005370   0x00000050   Code   RO          396    i.mpu_read_byte     imu.o
    0x080053c0   0x0000005c   Code   RO          397    i.mpu_read_bytes    imu.o
    0x0800541c   0x0000000a   Code   RO          398    i.mpu_set_accel_fsr  imu.o
    0x08005426   0x0000000a   Code   RO          399    i.mpu_set_gyro_fsr  imu.o
    0x08005430   0x00000054   Code   RO          400    i.mpu_write_byte    imu.o
    0x08005484   0x00000092   Code   RO          255    i.rc_callback_handler  bsp_uart.o
    0x08005516   0x0000006e   Code   RO         4059    i.sqrt              m_wm.l(sqrt.o)
    0x08005584   0x00000060   Code   RO          256    i.uart_receive_handler  bsp_uart.o
    0x080055e4   0x00000014   Data   RO          402    .constdata          imu.o
    0x080055f8   0x00000008   Data   RO         3375    .constdata          stm32f4xx_hal_dma.o
    0x08005600   0x00000010   Data   RO         3978    .constdata          system_stm32f4xx.o
    0x08005610   0x00000008   Data   RO         3979    .constdata          system_stm32f4xx.o
    0x08005618   0x00000050   Data   RO         4014    .constdata          m_wm.l(asin.o)
    0x08005668   0x00000098   Data   RO         4097    .constdata          m_wm.l(atan.o)
    0x08005700   0x00000008   Data   RO         4126    .constdata          m_wm.l(qnan.o)
    0x08005708   0x00000020   Data   RO         4169    Region$$Table       anon$$obj.o


    Execution Region RW_IRAM1 (Base: 0x20000000, Size: 0x00000f90, Max: 0x00030000, ABSOLUTE, COMPRESSED[0x00000054])

    Base Addr    Size         Type   Attr      Idx    E Section Name        Object

    0x20000000   0x00000008   Data   RW           16    .data               can.o
    0x20000008   0x00000020   Data   RW          163    .data               q6623.o
    0x20000028   0x00000070   Data   RW          403    .data               imu.o
    0x20000098   0x00000158   Data   RW          541    .data               gimbal.o
    0x200001f0   0x00000014   Data   RW          746    .data               minipc.o
    0x20000204   0x00000008   Data   RW          919    .data               stm32f4xx_it.o
    0x2000020c   0x0000000c   Data   RW         3820    .data               stm32f4xx_hal.o
    0x20000218   0x00000004   Data   RW         3980    .data               system_stm32f4xx.o
    0x2000021c   0x00000004   Data   RW         4150    .data               mc_w.l(errno.o)
    0x20000220   0x00000034   Zero   RW           15    .bss                can.o
    0x20000254   0x00000098   Zero   RW          161    .bss                q6623.o
    0x200002ec   0x0000001c   Zero   RW          257    .bss                bsp_uart.o
    0x20000308   0x00000018   Zero   RW          315    .bss                pid.o
    0x20000320   0x0000008c   Zero   RW          401    .bss                imu.o
    0x200003ac   0x0000055a   Zero   RW          745    .bss                minipc.o
    0x20000906   0x00000002   PAD
    0x20000908   0x00000178   Zero   RW          796    .bss                main.o
    0x20000a80   0x00000060   Zero   RW          797    .bss                main.o
    0x20000ae0   0x00000060   Zero   RW          798    .bss                main.o
    0x20000b40   0x00000050   Zero   RW          918    .bss                stm32f4xx_it.o
    0x20000b90   0x00000400   Zero   RW            1    STACK               startup_stm32f427xx.o


==============================================================================

Image component sizes


      Code (inc. data)   RO Data    RW Data    ZI Data      Debug   Object Name

        60          8          0          0          0        488   angle.o
       150          0          0          0          0       3271   bsp_data.o
       314         18          0          0         28       3250   bsp_uart.o
        80         24          0          8         52     745847   can.o
       256         48          0        344          0       3237   gimbal.o
       196         24          0          0          0       1349   gimbal_task.o
      3638        242         20        112        140      18221   imu.o
      1036         94          0          0        568       8443   main.o
       808         72          0         20       1370       3630   minipc.o
       226         10          0          0         24       3926   pid.o
       378         48          0         32        152       5344   q6623.o
        36          8        428          0       1024        828   startup_stm32f427xx.o
       180         28          0         12          0       4513   stm32f4xx_hal.o
      1616          6          0          0          0      12003   stm32f4xx_hal_can.o
       228         14          0          0          0      32053   stm32f4xx_hal_cortex.o
      1160         16          8          0          0       8130   stm32f4xx_hal_dma.o
       478         52          0          0          0       3017   stm32f4xx_hal_gpio.o
       640        100          0          0          0       3808   stm32f4xx_hal_msp.o
      1276         86          0          0          0       5564   stm32f4xx_hal_rcc.o
       782          0          0          0          0       4369   stm32f4xx_hal_spi.o
       984         44          0          0          0       9759   stm32f4xx_hal_tim.o
        84          0          0          0          0       2378   stm32f4xx_hal_tim_ex.o
      1912         42          0          0          0      14370   stm32f4xx_hal_uart.o
       258         62          0          8         80       9125   stm32f4xx_it.o
        84         18         24          4          0       1135   system_stm32f4xx.o

    ----------------------------------------------------------------------
     16898       1064        512        540       3440     908058   Object Totals
         0          0         32          0          0          0   (incl. Generated)
        38          0          0          0          2          0   (incl. Padding)

    ----------------------------------------------------------------------

      Code (inc. data)   RO Data    RW Data    ZI Data      Debug   Library Member Name

       864         94         80          0          0        280   asin.o
       744        106        152          0          0        352   atan.o
       496         64          0          0          0        192   atan2.o
       104         16          0          0          0        496   dunder.o
        44          0          0          0          0        248   fabs.o
        48          0          0          0          0        124   fpclassify.o
       248          0          0          0          0        152   poly.o
         0          0          8          0          0          0   qnan.o
       232          0          0          0          0        296   sqrt.o
        86          0          0          0          0          0   __dczerorl2.o
         0          0          0          0          0          0   entry.o
         0          0          0          0          0          0   entry10a.o
         0          0          0          0          0          0   entry11a.o
         8          4          0          0          0          0   entry2.o
         4          0          0          0          0          0   entry5.o
         0          0          0          0          0          0   entry7b.o
         0          0          0          0          0          0   entry8b.o
         8          4          0          0          0          0   entry9a.o
        12          6          0          4          0         68   errno.o
        30          0          0          0          0          0   handlers.o
        36          8          0          0          0         68   init.o
         0          0          0          0          0          0   iusefp.o
        30          0          0          0          0         68   llshl.o
        36          0          0          0          0         68   llsshr.o
        32          0          0          0          0         68   llushr.o
        36          0          0          0          0         68   memcpya.o
        36          0          0          0          0        108   memseta.o
        98          0          0          0          0         92   uldiv.o
        48          0          0          0          0         68   cdrcmple.o
        56          0          0          0          0         88   d2f.o
       334          0          0          0          0        148   dadd.o
       222          0          0          0          0        100   ddiv.o
       186          0          0          0          0        176   depilogue.o
        34          0          0          0          0         76   dflti.o
       228          0          0          0          0         96   dmul.o
       162          0          0          0          0        100   dsqrt.o
        38          0          0          0          0         68   f2d.o
       110          0          0          0          0        168   fepilogue.o

    ----------------------------------------------------------------------
      4662        302        240          4          0       3836   Library Totals
        12          0          0          0          0          0   (incl. Padding)

    ----------------------------------------------------------------------

      Code (inc. data)   RO Data    RW Data    ZI Data      Debug   Library Name

      2780        280        240          0          0       2140   m_wm.l
       452         22          0          4          0        608   mc_w.l
      1418          0          0          0          0       1088   mf_w.l

    ----------------------------------------------------------------------
      4662        302        240          4          0       3836   Library Totals

    ----------------------------------------------------------------------

==============================================================================


      Code (inc. data)   RO Data    RW Data    ZI Data      Debug   

     21560       1366        752        544       3440     894498   Grand Totals
     21560       1366        752         84       3440     894498   ELF Image Totals (compressed)
     21560       1366        752         84          0          0   ROM Totals

==============================================================================

    Total RO  Size (Code + RO Data)                22312 (  21.79kB)
    Total RW  Size (RW Data + ZI Data)              3984 (   3.89kB)
    Total ROM Size (Code + RO Data + RW Data)      22396 (  21.87kB)

==============================================================================

